Component: ARM Compiler 5.06 update 6 (build 750) Tool: armlink [4d35ed]

==============================================================================

Section Cross References

    startup_stm32l496xx.o(RESET) refers to startup_stm32l496xx.o(STACK) for __initial_sp
    startup_stm32l496xx.o(RESET) refers to startup_stm32l496xx.o(.text) for Reset_Handler
    startup_stm32l496xx.o(RESET) refers to stm32l4xx_it.o(i.NMI_Handler) for NMI_Handler
    startup_stm32l496xx.o(RESET) refers to stm32l4xx_it.o(i.HardFault_Handler) for HardFault_Handler
    startup_stm32l496xx.o(RESET) refers to stm32l4xx_it.o(i.MemManage_Handler) for MemManage_Handler
    startup_stm32l496xx.o(RESET) refers to stm32l4xx_it.o(i.BusFault_Handler) for BusFault_Handler
    startup_stm32l496xx.o(RESET) refers to stm32l4xx_it.o(i.UsageFault_Handler) for UsageFault_Handler
    startup_stm32l496xx.o(RESET) refers to stm32l4xx_it.o(i.SVC_Handler) for SVC_Handler
    startup_stm32l496xx.o(RESET) refers to stm32l4xx_it.o(i.DebugMon_Handler) for DebugMon_Handler
    startup_stm32l496xx.o(RESET) refers to tx_thread_schedule.o(.text) for PendSV_Handler
    startup_stm32l496xx.o(RESET) refers to tx_initialize_low_level.o(.text) for SysTick_Handler
    startup_stm32l496xx.o(.text) refers to system_stm32l4xx.o(i.SystemInit) for SystemInit
    startup_stm32l496xx.o(.text) refers to entry.o(.ARM.Collect$$$$00000000) for __main
    main.o(i.SystemClock_Config) refers to memseta.o(.text) for __aeabi_memclr4
    main.o(i.SystemClock_Config) refers to stm32l4xx_hal_rcc.o(i.HAL_RCC_OscConfig) for HAL_RCC_OscConfig
    main.o(i.SystemClock_Config) refers to main.o(i.Error_Handler) for Error_Handler
    main.o(i.SystemClock_Config) refers to stm32l4xx_hal_rcc.o(i.HAL_RCC_ClockConfig) for HAL_RCC_ClockConfig
    main.o(i.SystemClock_Config) refers to stm32l4xx_hal_pwr_ex.o(i.HAL_PWREx_ControlVoltageScaling) for HAL_PWREx_ControlVoltageScaling
    main.o(i.main) refers to stm32l4xx_hal.o(i.HAL_Init) for HAL_Init
    main.o(i.main) refers to main.o(i.SystemClock_Config) for SystemClock_Config
    main.o(i.main) refers to gpio.o(i.MX_GPIO_Init) for MX_GPIO_Init
    main.o(i.main) refers to stm32l4xx_hal.o(i.HAL_Delay) for HAL_Delay
    main.o(i.main) refers to tx_initialize_kernel_enter.o(i._tx_initialize_kernel_enter) for _tx_initialize_kernel_enter
    main.o(i.thread1_entry) refers to tx_thread_sleep.o(i._tx_thread_sleep) for _tx_thread_sleep
    main.o(i.tx_application_define) refers to txe_thread_create.o(i._txe_thread_create) for _txe_thread_create
    main.o(i.tx_application_define) refers to main.o(i.thread1_entry) for thread1_entry
    main.o(i.tx_application_define) refers to main.o(.bss) for thread_pcb
    stm32l4xx_hal.o(i.HAL_DeInit) refers to stm32l4xx_hal.o(i.HAL_MspDeInit) for HAL_MspDeInit
    stm32l4xx_hal.o(i.HAL_Delay) refers to stm32l4xx_hal.o(i.HAL_GetTick) for HAL_GetTick
    stm32l4xx_hal.o(i.HAL_Delay) refers to stm32l4xx_hal.o(.data) for uwTickFreq
    stm32l4xx_hal.o(i.HAL_GetTick) refers to stm32l4xx_hal.o(.data) for uwTick
    stm32l4xx_hal.o(i.HAL_GetTickFreq) refers to stm32l4xx_hal.o(.data) for uwTickFreq
    stm32l4xx_hal.o(i.HAL_GetTickPrio) refers to stm32l4xx_hal.o(.data) for uwTickPrio
    stm32l4xx_hal.o(i.HAL_IncTick) refers to stm32l4xx_hal.o(.data) for uwTick
    stm32l4xx_hal.o(i.HAL_Init) refers to stm32l4xx_hal_cortex.o(i.HAL_NVIC_SetPriorityGrouping) for HAL_NVIC_SetPriorityGrouping
    stm32l4xx_hal.o(i.HAL_Init) refers to stm32l4xx_hal.o(i.HAL_InitTick) for HAL_InitTick
    stm32l4xx_hal.o(i.HAL_Init) refers to stm32l4xx_hal_msp.o(i.HAL_MspInit) for HAL_MspInit
    stm32l4xx_hal.o(i.HAL_InitTick) refers to stm32l4xx_hal_cortex.o(i.HAL_SYSTICK_Config) for HAL_SYSTICK_Config
    stm32l4xx_hal.o(i.HAL_InitTick) refers to stm32l4xx_hal_cortex.o(i.HAL_NVIC_SetPriority) for HAL_NVIC_SetPriority
    stm32l4xx_hal.o(i.HAL_InitTick) refers to stm32l4xx_hal.o(.data) for uwTickFreq
    stm32l4xx_hal.o(i.HAL_InitTick) refers to system_stm32l4xx.o(.data) for SystemCoreClock
    stm32l4xx_hal.o(i.HAL_SYSCFG_EnableVREFBUF) refers to stm32l4xx_hal.o(i.HAL_GetTick) for HAL_GetTick
    stm32l4xx_hal.o(i.HAL_SetTickFreq) refers to stm32l4xx_hal.o(i.HAL_InitTick) for HAL_InitTick
    stm32l4xx_hal.o(i.HAL_SetTickFreq) refers to stm32l4xx_hal.o(.data) for uwTickFreq
    stm32l4xx_hal_i2c.o(i.HAL_I2C_DeInit) refers to stm32l4xx_hal_i2c.o(i.HAL_I2C_MspDeInit) for HAL_I2C_MspDeInit
    stm32l4xx_hal_i2c.o(i.HAL_I2C_DisableListen_IT) refers to stm32l4xx_hal_i2c.o(i.I2C_Disable_IRQ) for I2C_Disable_IRQ
    stm32l4xx_hal_i2c.o(i.HAL_I2C_ER_IRQHandler) refers to stm32l4xx_hal_i2c.o(i.I2C_ITError) for I2C_ITError
    stm32l4xx_hal_i2c.o(i.HAL_I2C_EnableListen_IT) refers to stm32l4xx_hal_i2c.o(i.I2C_Enable_IRQ) for I2C_Enable_IRQ
    stm32l4xx_hal_i2c.o(i.HAL_I2C_EnableListen_IT) refers to stm32l4xx_hal_i2c.o(i.I2C_Slave_ISR_IT) for I2C_Slave_ISR_IT
[...]
    Removing tx_timer_performance_info_get.o(i._tx_timer_performance_info_get), (48 bytes).
    Removing tx_timer_performance_system_info_get.o(i._tx_thread_system_return_inline), (36 bytes).
    Removing tx_timer_performance_system_info_get.o(i._tx_timer_performance_system_info_get), (40 bytes).
    Removing tx_timer_system_activate.o(i._tx_thread_system_return_inline), (36 bytes).
    Removing tx_timer_system_deactivate.o(i._tx_thread_system_return_inline), (36 bytes).
    Removing tx_timer_thread_entry.o(i._tx_thread_system_return_inline), (36 bytes).
    Removing tx_trace_buffer_full_notify.o(i._tx_thread_system_return_inline), (36 bytes).
    Removing tx_trace_buffer_full_notify.o(i._tx_trace_buffer_full_notify), (12 bytes).
    Removing tx_trace_disable.o(i._tx_thread_system_return_inline), (36 bytes).
    Removing tx_trace_disable.o(i._tx_trace_disable), (4 bytes).
    Removing tx_trace_enable.o(i._tx_thread_system_return_inline), (36 bytes).
    Removing tx_trace_enable.o(i._tx_trace_enable), (24 bytes).
    Removing tx_trace_event_filter.o(i._tx_thread_system_return_inline), (36 bytes).
    Removing tx_trace_event_filter.o(i._tx_trace_event_filter), (12 bytes).
    Removing tx_trace_event_unfilter.o(i._tx_thread_system_return_inline), (36 bytes).
    Removing tx_trace_event_unfilter.o(i._tx_trace_event_unfilter), (12 bytes).
    Removing tx_trace_initialize.o(i._tx_thread_system_return_inline), (36 bytes).
    Removing tx_trace_initialize.o(i._tx_trace_initialize), (2 bytes).
    Removing tx_trace_interrupt_control.o(i._tx_thread_system_return_inline), (36 bytes).
    Removing tx_trace_interrupt_control.o(i._tx_trace_interrupt_control), (16 bytes).
    Removing tx_trace_isr_enter_insert.o(i._tx_thread_system_return_inline), (36 bytes).
    Removing tx_trace_isr_enter_insert.o(i._tx_trace_isr_enter_insert), (18 bytes).
    Removing tx_trace_isr_exit_insert.o(i._tx_thread_system_return_inline), (36 bytes).
    Removing tx_trace_isr_exit_insert.o(i._tx_trace_isr_exit_insert), (18 bytes).
    Removing tx_trace_object_register.o(i._tx_thread_system_return_inline), (36 bytes).
    Removing tx_trace_object_register.o(i._tx_trace_object_register), (30 bytes).
    Removing tx_trace_object_unregister.o(i._tx_thread_system_return_inline), (36 bytes).
    Removing tx_trace_object_unregister.o(i._tx_trace_object_unregister), (18 bytes).
    Removing tx_trace_user_event_insert.o(i._tx_thread_system_return_inline), (36 bytes).
    Removing tx_trace_user_event_insert.o(i._tx_trace_user_event_insert), (40 bytes).
    Removing txe_block_allocate.o(i._tx_thread_system_return_inline), (36 bytes).
    Removing txe_block_allocate.o(i._txe_block_allocate), (108 bytes).
    Removing txe_block_pool_create.o(i._tx_thread_system_return_inline), (36 bytes).
    Removing txe_block_pool_create.o(i._txe_block_pool_create), (286 bytes).
    Removing txe_block_pool_delete.o(i._tx_thread_system_return_inline), (36 bytes).
    Removing txe_block_pool_delete.o(i._txe_block_pool_delete), (84 bytes).
    Removing txe_block_pool_info_get.o(i._tx_thread_system_return_inline), (36 bytes).
    Removing txe_block_pool_info_get.o(i._txe_block_pool_info_get), (74 bytes).
    Removing txe_block_pool_prioritize.o(i._tx_thread_system_return_inline), (36 bytes).
    Removing txe_block_pool_prioritize.o(i._txe_block_pool_prioritize), (40 bytes).
    Removing txe_block_release.o(i._tx_thread_system_return_inline), (36 bytes).
    Removing txe_block_release.o(i._txe_block_release), (60 bytes).
    Removing txe_byte_allocate.o(i._tx_thread_system_return_inline), (36 bytes).
    Removing txe_byte_allocate.o(i._txe_byte_allocate), (172 bytes).
    Removing txe_byte_pool_create.o(i._tx_thread_system_return_inline), (36 bytes).
    Removing txe_byte_pool_create.o(i._txe_byte_pool_create), (262 bytes).
    Removing txe_byte_pool_delete.o(i._tx_thread_system_return_inline), (36 bytes).
    Removing txe_byte_pool_delete.o(i._txe_byte_pool_delete), (84 bytes).
    Removing txe_byte_pool_info_get.o(i._tx_thread_system_return_inline), (36 bytes).
    Removing txe_byte_pool_info_get.o(i._txe_byte_pool_info_get), (74 bytes).
    Removing txe_byte_pool_prioritize.o(i._tx_thread_system_return_inline), (36 bytes).
    Removing txe_byte_pool_prioritize.o(i._txe_byte_pool_prioritize), (40 bytes).
    Removing txe_byte_release.o(i._tx_thread_system_return_inline), (36 bytes).
    Removing txe_byte_release.o(i._txe_byte_release), (88 bytes).
    Removing txe_event_flags_create.o(i._tx_thread_system_return_inline), (36 bytes).
    Removing txe_event_flags_create.o(i._txe_event_flags_create), (230 bytes).
    Removing txe_event_flags_delete.o(i._tx_thread_system_return_inline), (36 bytes).
    Removing txe_event_flags_delete.o(i._txe_event_flags_delete), (84 bytes).
    Removing txe_event_flags_get.o(i._tx_thread_system_return_inline), (36 bytes).
    Removing txe_event_flags_get.o(i._txe_event_flags_get), (138 bytes).
    Removing txe_event_flags_info_get.o(i._tx_thread_system_return_inline), (36 bytes).
    Removing txe_event_flags_info_get.o(i._txe_event_flags_info_get), (70 bytes).
    Removing txe_event_flags_set.o(i._tx_thread_system_return_inline), (36 bytes).
    Removing txe_event_flags_set.o(i._txe_event_flags_set), (64 bytes).
    Removing txe_event_flags_set_notify.o(i._tx_thread_system_return_inline), (36 bytes).
    Removing txe_event_flags_set_notify.o(i._txe_event_flags_set_notify), (44 bytes).
    Removing txe_mutex_create.o(i._tx_thread_system_return_inline), (36 bytes).
    Removing txe_mutex_create.o(i._txe_mutex_create), (254 bytes).
    Removing txe_mutex_delete.o(i._tx_thread_system_return_inline), (36 bytes).
    Removing txe_mutex_delete.o(i._txe_mutex_delete), (84 bytes).
    Removing txe_mutex_get.o(i._tx_thread_system_return_inline), (36 bytes).
    Removing txe_mutex_get.o(i._txe_mutex_get), (136 bytes).
    Removing txe_mutex_info_get.o(i._tx_thread_system_return_inline), (36 bytes).
    Removing txe_mutex_info_get.o(i._txe_mutex_info_get), (74 bytes).
    Removing txe_mutex_prioritize.o(i._tx_thread_system_return_inline), (36 bytes).
    Removing txe_mutex_prioritize.o(i._txe_mutex_prioritize), (40 bytes).
    Removing txe_mutex_put.o(i._tx_thread_system_return_inline), (36 bytes).
    Removing txe_mutex_put.o(i._txe_mutex_put), (84 bytes).
    Removing txe_queue_create.o(i._tx_thread_system_return_inline), (36 bytes).
    Removing txe_queue_create.o(i._txe_queue_create), (294 bytes).
    Removing txe_queue_delete.o(i._tx_thread_system_return_inline), (36 bytes).
    Removing txe_queue_delete.o(i._txe_queue_delete), (84 bytes).
    Removing txe_queue_flush.o(i._tx_thread_system_return_inline), (36 bytes).
    Removing txe_queue_flush.o(i._txe_queue_flush), (40 bytes).
    Removing txe_queue_front_send.o(i._tx_thread_system_return_inline), (36 bytes).
    Removing txe_queue_front_send.o(i._txe_queue_front_send), (108 bytes).
    Removing txe_queue_info_get.o(i._tx_thread_system_return_inline), (36 bytes).
    Removing txe_queue_info_get.o(i._txe_queue_info_get), (74 bytes).
    Removing txe_queue_prioritize.o(i._tx_thread_system_return_inline), (36 bytes).
    Removing txe_queue_prioritize.o(i._txe_queue_prioritize), (40 bytes).
    Removing txe_queue_receive.o(i._tx_thread_system_return_inline), (36 bytes).
    Removing txe_queue_receive.o(i._txe_queue_receive), (108 bytes).
    Removing txe_queue_send.o(i._tx_thread_system_return_inline), (36 bytes).
    Removing txe_queue_send.o(i._txe_queue_send), (108 bytes).
    Removing txe_queue_send_notify.o(i._tx_thread_system_return_inline), (36 bytes).
    Removing txe_queue_send_notify.o(i._txe_queue_send_notify), (44 bytes).
    Removing txe_semaphore_ceiling_put.o(i._tx_thread_system_return_inline), (36 bytes).
    Removing txe_semaphore_ceiling_put.o(i._txe_semaphore_ceiling_put), (48 bytes).
    Removing txe_semaphore_create.o(i._tx_thread_system_return_inline), (36 bytes).
    Removing txe_semaphore_create.o(i._txe_semaphore_create), (226 bytes).
    Removing txe_semaphore_delete.o(i._tx_thread_system_return_inline), (36 bytes).
    Removing txe_semaphore_delete.o(i._txe_semaphore_delete), (84 bytes).
    Removing txe_semaphore_get.o(i._tx_thread_system_return_inline), (36 bytes).
    Removing txe_semaphore_get.o(i._txe_semaphore_get), (96 bytes).
    Removing txe_semaphore_info_get.o(i._tx_thread_system_return_inline), (36 bytes).
    Removing txe_semaphore_info_get.o(i._txe_semaphore_info_get), (70 bytes).
    Removing txe_semaphore_prioritize.o(i._tx_thread_system_return_inline), (36 bytes).
    Removing txe_semaphore_prioritize.o(i._txe_semaphore_prioritize), (40 bytes).
    Removing txe_semaphore_put.o(i._tx_thread_system_return_inline), (36 bytes).
    Removing txe_semaphore_put.o(i._txe_semaphore_put), (40 bytes).
    Removing txe_semaphore_put_notify.o(i._tx_thread_system_return_inline), (36 bytes).
    Removing txe_semaphore_put_notify.o(i._txe_semaphore_put_notify), (44 bytes).
    Removing txe_thread_create.o(i._tx_thread_system_return_inline), (36 bytes).
    Removing txe_thread_delete.o(i._tx_thread_system_return_inline), (36 bytes).
    Removing txe_thread_delete.o(i._txe_thread_delete), (60 bytes).
    Removing txe_thread_entry_exit_notify.o(i._tx_thread_system_return_inline), (36 bytes).
    Removing txe_thread_entry_exit_notify.o(i._txe_thread_entry_exit_notify), (44 bytes).
    Removing txe_thread_info_get.o(i._tx_thread_system_return_inline), (36 bytes).
    Removing txe_thread_info_get.o(i._txe_thread_info_get), (70 bytes).
    Removing txe_thread_preemption_change.o(i._tx_thread_system_return_inline), (36 bytes).
    Removing txe_thread_preemption_change.o(i._txe_thread_preemption_change), (92 bytes).
    Removing txe_thread_priority_change.o(i._tx_thread_system_return_inline), (36 bytes).
    Removing txe_thread_priority_change.o(i._txe_thread_priority_change), (88 bytes).
    Removing txe_thread_relinquish.o(i._tx_thread_system_return_inline), (36 bytes).
    Removing txe_thread_relinquish.o(i._txe_thread_relinquish), (40 bytes).
    Removing txe_thread_reset.o(i._tx_thread_system_return_inline), (36 bytes).
    Removing txe_thread_reset.o(i._txe_thread_reset), (84 bytes).
    Removing txe_thread_resume.o(i._tx_thread_system_return_inline), (36 bytes).
    Removing txe_thread_resume.o(i._txe_thread_resume), (40 bytes).
    Removing txe_thread_suspend.o(i._tx_thread_system_return_inline), (36 bytes).
    Removing txe_thread_suspend.o(i._txe_thread_suspend), (40 bytes).
    Removing txe_thread_terminate.o(i._tx_thread_system_return_inline), (36 bytes).
    Removing txe_thread_terminate.o(i._txe_thread_terminate), (60 bytes).
    Removing txe_thread_time_slice_change.o(i._tx_thread_system_return_inline), (36 bytes).
    Removing txe_thread_time_slice_change.o(i._txe_thread_time_slice_change), (80 bytes).
    Removing txe_thread_wait_abort.o(i._tx_thread_system_return_inline), (36 bytes).
    Removing txe_thread_wait_abort.o(i._txe_thread_wait_abort), (40 bytes).
    Removing txe_timer_activate.o(i._tx_thread_system_return_inline), (36 bytes).
    Removing txe_timer_activate.o(i._txe_timer_activate), (40 bytes).
    Removing txe_timer_change.o(i._tx_thread_system_return_inline), (36 bytes).
    Removing txe_timer_change.o(i._txe_timer_change), (84 bytes).
    Removing txe_timer_create.o(i._tx_thread_system_return_inline), (36 bytes).
    Removing txe_timer_create.o(i._txe_timer_create), (278 bytes).
    Removing txe_timer_deactivate.o(i._tx_thread_system_return_inline), (36 bytes).
    Removing txe_timer_deactivate.o(i._txe_timer_deactivate), (40 bytes).
    Removing txe_timer_delete.o(i._tx_thread_system_return_inline), (36 bytes).
    Removing txe_timer_delete.o(i._txe_timer_delete), (84 bytes).
    Removing txe_timer_info_get.o(i._tx_thread_system_return_inline), (36 bytes).
    Removing txe_timer_info_get.o(i._txe_timer_info_get), (70 bytes).

752 unused section(s) (total 61023 bytes) removed from the image.

==============================================================================

Image Symbol Table

    Local Symbols

    Symbol Name                              Value     Ov Type        Size  Object(Section)

    ../Core/Src/gpio.c                       0x00000000   Number         0  gpio.o ABSOLUTE
    ../Core/Src/main.c                       0x00000000   Number         0  main.o ABSOLUTE
    ../Core/Src/stm32l4xx_hal_msp.c          0x00000000   Number         0  stm32l4xx_hal_msp.o ABSOLUTE
    ../Core/Src/stm32l4xx_it.c               0x00000000   Number         0  stm32l4xx_it.o ABSOLUTE
    ../Core/Src/system_stm32l4xx.c           0x00000000   Number         0  system_stm32l4xx.o ABSOLUTE
    ../Drivers/STM32L4xx_HAL_Driver/Src/stm32l4xx_hal.c 0x00000000   Number         0  stm32l4xx_hal.o ABSOLUTE
    ../Drivers/STM32L4xx_HAL_Driver/Src/stm32l4xx_hal_cortex.c 0x00000000   Number         0  stm32l4xx_hal_cortex.o ABSOLUTE
    ../Drivers/STM32L4xx_HAL_Driver/Src/stm32l4xx_hal_dma.c 0x00000000   Number         0  stm32l4xx_hal_dma.o ABSOLUTE
    ../Drivers/STM32L4xx_HAL_Driver/Src/stm32l4xx_hal_dma_ex.c 0x00000000   Number         0  stm32l4xx_hal_dma_ex.o ABSOLUTE
    ../Drivers/STM32L4xx_HAL_Driver/Src/stm32l4xx_hal_exti.c 0x00000000   Number         0  stm32l4xx_hal_exti.o ABSOLUTE
    ../Drivers/STM32L4xx_HAL_Driver/Src/stm32l4xx_hal_flash.c 0x00000000   Number         0  stm32l4xx_hal_flash.o ABSOLUTE
    ../Drivers/STM32L4xx_HAL_Driver/Src/stm32l4xx_hal_flash_ex.c 0x00000000   Number         0  stm32l4xx_hal_flash_ex.o ABSOLUTE
    ../Drivers/STM32L4xx_HAL_Driver/Src/stm32l4xx_hal_flash_ramfunc.c 0x00000000   Number         0  stm32l4xx_hal_flash_ramfunc.o ABSOLUTE
    ../Drivers/STM32L4xx_HAL_Driver/Src/stm32l4xx_hal_gpio.c 0x00000000   Number         0  stm32l4xx_hal_gpio.o ABSOLUTE
    ../Drivers/STM32L4xx_HAL_Driver/Src/stm32l4xx_hal_i2c.c 0x00000000   Number         0  stm32l4xx_hal_i2c.o ABSOLUTE
    ../Drivers/STM32L4xx_HAL_Driver/Src/stm32l4xx_hal_i2c_ex.c 0x00000000   Number         0  stm32l4xx_hal_i2c_ex.o ABSOLUTE
    ../Drivers/STM32L4xx_HAL_Driver/Src/stm32l4xx_hal_pwr.c 0x00000000   Number         0  stm32l4xx_hal_pwr.o ABSOLUTE
    ../Drivers/STM32L4xx_HAL_Driver/Src/stm32l4xx_hal_pwr_ex.c 0x00000000   Number         0  stm32l4xx_hal_pwr_ex.o ABSOLUTE
    ../Drivers/STM32L4xx_HAL_Driver/Src/stm32l4xx_hal_rcc.c 0x00000000   Number         0  stm32l4xx_hal_rcc.o ABSOLUTE
    ../Drivers/STM32L4xx_HAL_Driver/Src/stm32l4xx_hal_rcc_ex.c 0x00000000   Number         0  stm32l4xx_hal_rcc_ex.o ABSOLUTE
    ../Drivers/STM32L4xx_HAL_Driver/Src/stm32l4xx_hal_tim.c 0x00000000   Number         0  stm32l4xx_hal_tim.o ABSOLUTE
    ../Drivers/STM32L4xx_HAL_Driver/Src/stm32l4xx_hal_tim_ex.c 0x00000000   Number         0  stm32l4xx_hal_tim_ex.o ABSOLUTE
    ../clib/microlib/init/entry.s            0x00000000   Number         0  entry8b.o ABSOLUTE
    ../clib/microlib/init/entry.s            0x00000000   Number         0  entry5.o ABSOLUTE
    ../clib/microlib/init/entry.s            0x00000000   Number         0  entry7a.o ABSOLUTE
    ../clib/microlib/init/entry.s            0x00000000   Number         0  entry8a.o ABSOLUTE
    ../clib/microlib/init/entry.s            0x00000000   Number         0  entry.o ABSOLUTE
    ../clib/microlib/init/entry.s            0x00000000   Number         0  entry7b.o ABSOLUTE
    ../clib/microlib/init/entry.s            0x00000000   Number         0  entry10b.o ABSOLUTE
    ../clib/microlib/init/entry.s            0x00000000   Number         0  entry11b.o ABSOLUTE
    ../clib/microlib/init/entry.s            0x00000000   Number         0  entry11a.o ABSOLUTE
    ../clib/microlib/init/entry.s            0x00000000   Number         0  entry2.o ABSOLUTE
    ../clib/microlib/init/entry.s            0x00000000   Number         0  entry10a.o ABSOLUTE
    ../clib/microlib/init/entry.s            0x00000000   Number         0  entry9b.o ABSOLUTE
    ../clib/microlib/init/entry.s            0x00000000   Number         0  entry9a.o ABSOLUTE
    ../clib/microlib/string/memset.c         0x00000000   Number         0  memseta.o ABSOLUTE
    ..\Core\Src\gpio.c                       0x00000000   Number         0  gpio.o ABSOLUTE
    ..\Core\Src\main.c                       0x00000000   Number         0  main.o ABSOLUTE
    ..\Core\Src\stm32l4xx_hal_msp.c          0x00000000   Number         0  stm32l4xx_hal_msp.o ABSOLUTE
    ..\Core\Src\stm32l4xx_it.c               0x00000000   Number         0  stm32l4xx_it.o ABSOLUTE
    ..\Core\Src\system_stm32l4xx.c           0x00000000   Number         0  system_stm32l4xx.o ABSOLUTE
    ..\Drivers\STM32L4xx_HAL_Driver\Src\stm32l4xx_hal.c 0x00000000   Number         0  stm32l4xx_hal.o ABSOLUTE
    ..\Drivers\STM32L4xx_HAL_Driver\Src\stm32l4xx_hal_cortex.c 0x00000000   Number         0  stm32l4xx_hal_cortex.o ABSOLUTE
    ..\Drivers\STM32L4xx_HAL_Driver\Src\stm32l4xx_hal_dma.c 0x00000000   Number         0  stm32l4xx_hal_dma.o ABSOLUTE
    ..\Drivers\STM32L4xx_HAL_Driver\Src\stm32l4xx_hal_dma_ex.c 0x00000000   Number         0  stm32l4xx_hal_dma_ex.o ABSOLUTE
    ..\Drivers\STM32L4xx_HAL_Driver\Src\stm32l4xx_hal_exti.c 0x00000000   Number         0  stm32l4xx_hal_exti.o ABSOLUTE
    ..\Drivers\STM32L4xx_HAL_Driver\Src\stm32l4xx_hal_flash.c 0x00000000   Number         0  stm32l4xx_hal_flash.o ABSOLUTE
    ..\Drivers\STM32L4xx_HAL_Driver\Src\stm32l4xx_hal_flash_ex.c 0x00000000   Number         0  stm32l4xx_hal_flash_ex.o ABSOLUTE
    ..\Drivers\STM32L4xx_HAL_Driver\Src\stm32l4xx_hal_flash_ramfunc.c 0x00000000   Number         0  stm32l4xx_hal_flash_ramfunc.o ABSOLUTE
    ..\Drivers\STM32L4xx_HAL_Driver\Src\stm32l4xx_hal_gpio.c 0x00000000   Number         0  stm32l4xx_hal_gpio.o ABSOLUTE
    ..\Drivers\STM32L4xx_HAL_Driver\Src\stm32l4xx_hal_i2c.c 0x00000000   Number         0  stm32l4xx_hal_i2c.o ABSOLUTE
    ..\Drivers\STM32L4xx_HAL_Driver\Src\stm32l4xx_hal_i2c_ex.c 0x00000000   Number         0  stm32l4xx_hal_i2c_ex.o ABSOLUTE
    ..\Drivers\STM32L4xx_HAL_Driver\Src\stm32l4xx_hal_pwr.c 0x00000000   Number         0  stm32l4xx_hal_pwr.o ABSOLUTE
    ..\Drivers\STM32L4xx_HAL_Driver\Src\stm32l4xx_hal_pwr_ex.c 0x00000000   Number         0  stm32l4xx_hal_pwr_ex.o ABSOLUTE
    ..\Drivers\STM32L4xx_HAL_Driver\Src\stm32l4xx_hal_rcc.c 0x00000000   Number         0  stm32l4xx_hal_rcc.o ABSOLUTE
    ..\Drivers\STM32L4xx_HAL_Driver\Src\stm32l4xx_hal_rcc_ex.c 0x00000000   Number         0  stm32l4xx_hal_rcc_ex.o ABSOLUTE
    ..\Drivers\STM32L4xx_HAL_Driver\Src\stm32l4xx_hal_tim.c 0x00000000   Number         0  stm32l4xx_hal_tim.o ABSOLUTE
    ..\Drivers\STM32L4xx_HAL_Driver\Src\stm32l4xx_hal_tim_ex.c 0x00000000   Number         0  stm32l4xx_hal_tim_ex.o ABSOLUTE
    ..\\src\\AzureRTOS\\common\\src\\tx_timer_expiration_process.c 0x00000000   Number         0  tx_timer_expiration_process.o ABSOLUTE
    ..\src\AzureRTOS\common\src\tx_block_allocate.c 0x00000000   Number         0  tx_block_allocate.o ABSOLUTE
    ..\src\AzureRTOS\common\src\tx_block_pool_cleanup.c 0x00000000   Number         0  tx_block_pool_cleanup.o ABSOLUTE
    ..\src\AzureRTOS\common\src\tx_block_pool_create.c 0x00000000   Number         0  tx_block_pool_create.o ABSOLUTE
    ..\src\AzureRTOS\common\src\tx_block_pool_delete.c 0x00000000   Number         0  tx_block_pool_delete.o ABSOLUTE
    ..\src\AzureRTOS\common\src\tx_block_pool_info_get.c 0x00000000   Number         0  tx_block_pool_info_get.o ABSOLUTE
    ..\src\AzureRTOS\common\src\tx_block_pool_initialize.c 0x00000000   Number         0  tx_block_pool_initialize.o ABSOLUTE
    ..\src\AzureRTOS\common\src\tx_block_pool_performance_info_get.c 0x00000000   Number         0  tx_block_pool_performance_info_get.o ABSOLUTE
    ..\src\AzureRTOS\common\src\tx_block_pool_performance_system_info_get.c 0x00000000   Number         0  tx_block_pool_performance_system_info_get.o ABSOLUTE
    ..\src\AzureRTOS\common\src\tx_block_pool_prioritize.c 0x00000000   Number         0  tx_block_pool_prioritize.o ABSOLUTE
    ..\src\AzureRTOS\common\src\tx_block_release.c 0x00000000   Number         0  tx_block_release.o ABSOLUTE
    ..\src\AzureRTOS\common\src\tx_byte_allocate.c 0x00000000   Number         0  tx_byte_allocate.o ABSOLUTE
    ..\src\AzureRTOS\common\src\tx_byte_pool_cleanup.c 0x00000000   Number         0  tx_byte_pool_cleanup.o ABSOLUTE
    ..\src\AzureRTOS\common\src\tx_byte_pool_create.c 0x00000000   Number         0  tx_byte_pool_create.o ABSOLUTE
    ..\src\AzureRTOS\common\src\tx_byte_pool_delete.c 0x00000000   Number         0  tx_byte_pool_delete.o ABSOLUTE
    ..\src\AzureRTOS\common\src\tx_byte_pool_info_get.c 0x00000000   Number         0  tx_byte_pool_info_get.o ABSOLUTE
    ..\src\AzureRTOS\common\src\tx_byte_pool_initialize.c 0x00000000   Number         0  tx_byte_pool_initialize.o ABSOLUTE
    ..\src\AzureRTOS\common\src\tx_byte_pool_performance_info_get.c 0x00000000   Number         0  tx_byte_pool_performance_info_get.o ABSOLUTE
    ..\src\AzureRTOS\common\src\tx_byte_pool_performance_system_info_get.c 0x00000000   Number         0  tx_byte_pool_performance_system_info_get.o ABSOLUTE
    ..\src\AzureRTOS\common\src\tx_byte_pool_prioritize.c 0x00000000   Number         0  tx_byte_pool_prioritize.o ABSOLUTE
    ..\src\AzureRTOS\common\src\tx_byte_pool_search.c 0x00000000   Number         0  tx_byte_pool_search.o ABSOLUTE
    ..\src\AzureRTOS\common\src\tx_byte_release.c 0x00000000   Number         0  tx_byte_release.o ABSOLUTE
    ..\src\AzureRTOS\common\src\tx_event_flags_cleanup.c 0x00000000   Number         0  tx_event_flags_cleanup.o ABSOLUTE
    ..\src\AzureRTOS\common\src\tx_event_flags_create.c 0x00000000   Number         0  tx_event_flags_create.o ABSOLUTE
    ..\src\AzureRTOS\common\src\tx_event_flags_delete.c 0x00000000   Number         0  tx_event_flags_delete.o ABSOLUTE
    ..\src\AzureRTOS\common\src\tx_event_flags_get.c 0x00000000   Number         0  tx_event_flags_get.o ABSOLUTE
    ..\src\AzureRTOS\common\src\tx_event_flags_info_get.c 0x00000000   Number         0  tx_event_flags_info_get.o ABSOLUTE
    ..\src\AzureRTOS\common\src\tx_event_flags_initialize.c 0x00000000   Number         0  tx_event_flags_initialize.o ABSOLUTE
    ..\src\AzureRTOS\common\src\tx_event_flags_performance_info_get.c 0x00000000   Number         0  tx_event_flags_performance_info_get.o ABSOLUTE
    ..\src\AzureRTOS\common\src\tx_event_flags_performance_system_info_get.c 0x00000000   Number         0  tx_event_flags_performance_system_info_get.o ABSOLUTE
    ..\src\AzureRTOS\common\src\tx_event_flags_set.c 0x00000000   Number         0  tx_event_flags_set.o ABSOLUTE
    ..\src\AzureRTOS\common\src\tx_event_flags_set_notify.c 0x00000000   Number         0  tx_event_flags_set_notify.o ABSOLUTE
    ..\src\AzureRTOS\common\src\tx_initialize_high_level.c 0x00000000   Number         0  tx_initialize_high_level.o ABSOLUTE
    ..\src\AzureRTOS\common\src\tx_initialize_kernel_enter.c 0x00000000   Number         0  tx_initialize_kernel_enter.o ABSOLUTE
    ..\src\AzureRTOS\common\src\tx_initialize_kernel_setup.c 0x00000000   Number         0  tx_initialize_kernel_setup.o ABSOLUTE
    ..\src\AzureRTOS\common\src\tx_misra.c   0x00000000   Number         0  tx_misra.o ABSOLUTE
    ..\src\AzureRTOS\common\src\tx_mutex_cleanup.c 0x00000000   Number         0  tx_mutex_cleanup.o ABSOLUTE
    ..\src\AzureRTOS\common\src\tx_mutex_create.c 0x00000000   Number         0  tx_mutex_create.o ABSOLUTE
    ..\src\AzureRTOS\common\src\tx_mutex_delete.c 0x00000000   Number         0  tx_mutex_delete.o ABSOLUTE
    ..\src\AzureRTOS\common\src\tx_mutex_get.c 0x00000000   Number         0  tx_mutex_get.o ABSOLUTE
    ..\src\AzureRTOS\common\src\tx_mutex_info_get.c 0x00000000   Number         0  tx_mutex_info_get.o ABSOLUTE
    ..\src\AzureRTOS\common\src\tx_mutex_initialize.c 0x00000000   Number         0  tx_mutex_initialize.o ABSOLUTE
    ..\src\AzureRTOS\common\src\tx_mutex_performance_info_get.c 0x00000000   Number         0  tx_mutex_performance_info_get.o ABSOLUTE
    ..\src\AzureRTOS\common\src\tx_mutex_performance_system_info_get.c 0x00000000   Number         0  tx_mutex_performance_system_info_get.o ABSOLUTE
    ..\src\AzureRTOS\common\src\tx_mutex_prioritize.c 0x00000000   Number         0  tx_mutex_prioritize.o ABSOLUTE
    ..\src\AzureRTOS\common\src\tx_mutex_priority_change.c 0x00000000   Number         0  tx_mutex_priority_change.o ABSOLUTE
    ..\src\AzureRTOS\common\src\tx_mutex_put.c 0x00000000   Number         0  tx_mutex_put.o ABSOLUTE
    ..\src\AzureRTOS\common\src\tx_queue_cleanup.c 0x00000000   Number         0  tx_queue_cleanup.o ABSOLUTE
    ..\src\AzureRTOS\common\src\tx_queue_create.c 0x00000000   Number         0  tx_queue_create.o ABSOLUTE
    ..\src\AzureRTOS\common\src\tx_queue_delete.c 0x00000000   Number         0  tx_queue_delete.o ABSOLUTE
    ..\src\AzureRTOS\common\src\tx_queue_flush.c 0x00000000   Number         0  tx_queue_flush.o ABSOLUTE
    ..\src\AzureRTOS\common\src\tx_queue_front_send.c 0x00000000   Number         0  tx_queue_front_send.o ABSOLUTE
    ..\src\AzureRTOS\common\src\tx_queue_info_get.c 0x00000000   Number         0  tx_queue_info_get.o ABSOLUTE
    ..\src\AzureRTOS\common\src\tx_queue_initialize.c 0x00000000   Number         0  tx_queue_initialize.o ABSOLUTE
    ..\src\AzureRTOS\common\src\tx_queue_performance_info_get.c 0x00000000   Number         0  tx_queue_performance_info_get.o ABSOLUTE
    ..\src\AzureRTOS\common\src\tx_queue_performance_system_info_get.c 0x00000000   Number         0  tx_queue_performance_system_info_get.o ABSOLUTE
    ..\src\AzureRTOS\common\src\tx_queue_prioritize.c 0x00000000   Number         0  tx_queue_prioritize.o ABSOLUTE
    ..\src\AzureRTOS\common\src\tx_queue_receive.c 0x00000000   Number         0  tx_queue_receive.o ABSOLUTE
    ..\src\AzureRTOS\common\src\tx_queue_send.c 0x00000000   Number         0  tx_queue_send.o ABSOLUTE
    ..\src\AzureRTOS\common\src\tx_queue_send_notify.c 0x00000000   Number         0  tx_queue_send_notify.o ABSOLUTE
    ..\src\AzureRTOS\common\src\tx_semaphore_ceiling_put.c 0x00000000   Number         0  tx_semaphore_ceiling_put.o ABSOLUTE
    ..\src\AzureRTOS\common\src\tx_semaphore_cleanup.c 0x00000000   Number         0  tx_semaphore_cleanup.o ABSOLUTE
    ..\src\AzureRTOS\common\src\tx_semaphore_create.c 0x00000000   Number         0  tx_semaphore_create.o ABSOLUTE
    ..\src\AzureRTOS\common\src\tx_semaphore_delete.c 0x00000000   Number         0  tx_semaphore_delete.o ABSOLUTE
    ..\src\AzureRTOS\common\src\tx_semaphore_get.c 0x00000000   Number         0  tx_semaphore_get.o ABSOLUTE
    ..\src\AzureRTOS\common\src\tx_semaphore_info_get.c 0x00000000   Number         0  tx_semaphore_info_get.o ABSOLUTE
    ..\src\AzureRTOS\common\src\tx_semaphore_initialize.c 0x00000000   Number         0  tx_semaphore_initialize.o ABSOLUTE
    ..\src\AzureRTOS\common\src\tx_semaphore_performance_info_get.c 0x00000000   Number         0  tx_semaphore_performance_info_get.o ABSOLUTE
    ..\src\AzureRTOS\common\src\tx_semaphore_performance_system_info_get.c 0x00000000   Number         0  tx_semaphore_performance_system_info_get.o ABSOLUTE
    ..\src\AzureRTOS\common\src\tx_semaphore_prioritize.c 0x00000000   Number         0  tx_semaphore_prioritize.o ABSOLUTE
    ..\src\AzureRTOS\common\src\tx_semaphore_put.c 0x00000000   Number         0  tx_semaphore_put.o ABSOLUTE
    ..\src\AzureRTOS\common\src\tx_semaphore_put_notify.c 0x00000000   Number         0  tx_semaphore_put_notify.o ABSOLUTE
    ..\src\AzureRTOS\common\src\tx_thread_create.c 0x00000000   Number         0  tx_thread_create.o ABSOLUTE
    ..\src\AzureRTOS\common\src\tx_thread_delete.c 0x00000000   Number         0  tx_thread_delete.o ABSOLUTE
    ..\src\AzureRTOS\common\src\tx_thread_entry_exit_notify.c 0x00000000   Number         0  tx_thread_entry_exit_notify.o ABSOLUTE
    ..\src\AzureRTOS\common\src\tx_thread_identify.c 0x00000000   Number         0  tx_thread_identify.o ABSOLUTE
    ..\src\AzureRTOS\common\src\tx_thread_info_get.c 0x00000000   Number         0  tx_thread_info_get.o ABSOLUTE
    ..\src\AzureRTOS\common\src\tx_thread_initialize.c 0x00000000   Number         0  tx_thread_initialize.o ABSOLUTE
    ..\src\AzureRTOS\common\src\tx_thread_performance_info_get.c 0x00000000   Number         0  tx_thread_performance_info_get.o ABSOLUTE
    ..\src\AzureRTOS\common\src\tx_thread_performance_system_info_get.c 0x00000000   Number         0  tx_thread_performance_system_info_get.o ABSOLUTE
    ..\src\AzureRTOS\common\src\tx_thread_preemption_change.c 0x00000000   Number         0  tx_thread_preemption_change.o ABSOLUTE
    ..\src\AzureRTOS\common\src\tx_thread_priority_change.c 0x00000000   Number         0  tx_thread_priority_change.o ABSOLUTE
    ..\src\AzureRTOS\common\src\tx_thread_relinquish.c 0x00000000   Number         0  tx_thread_relinquish.o ABSOLUTE
    ..\src\AzureRTOS\common\src\tx_thread_reset.c 0x00000000   Number         0  tx_thread_reset.o ABSOLUTE
    ..\src\AzureRTOS\common\src\tx_thread_resume.c 0x00000000   Number         0  tx_thread_resume.o ABSOLUTE
    ..\src\AzureRTOS\common\src\tx_thread_shell_entry.c 0x00000000   Number         0  tx_thread_shell_entry.o ABSOLUTE
    ..\src\AzureRTOS\common\src\tx_thread_sleep.c 0x00000000   Number         0  tx_thread_sleep.o ABSOLUTE
    ..\src\AzureRTOS\common\src\tx_thread_stack_analyze.c 0x00000000   Number         0  tx_thread_stack_analyze.o ABSOLUTE
    ..\src\AzureRTOS\common\src\tx_thread_stack_error_handler.c 0x00000000   Number         0  tx_thread_stack_error_handler.o ABSOLUTE
    ..\src\AzureRTOS\common\src\tx_thread_stack_error_notify.c 0x00000000   Number         0  tx_thread_stack_error_notify.o ABSOLUTE
    ..\src\AzureRTOS\common\src\tx_thread_suspend.c 0x00000000   Number         0  tx_thread_suspend.o ABSOLUTE
    ..\src\AzureRTOS\common\src\tx_thread_system_preempt_check.c 0x00000000   Number         0  tx_thread_system_preempt_check.o ABSOLUTE
    ..\src\AzureRTOS\common\src\tx_thread_system_resume.c 0x00000000   Number         0  tx_thread_system_resume.o ABSOLUTE
    ..\src\AzureRTOS\common\src\tx_thread_system_suspend.c 0x00000000   Number         0  tx_thread_system_suspend.o ABSOLUTE
    ..\src\AzureRTOS\common\src\tx_thread_terminate.c 0x00000000   Number         0  tx_thread_terminate.o ABSOLUTE
    ..\src\AzureRTOS\common\src\tx_thread_time_slice.c 0x00000000   Number         0  tx_thread_time_slice.o ABSOLUTE
    ..\src\AzureRTOS\common\src\tx_thread_time_slice_change.c 0x00000000   Number         0  tx_thread_time_slice_change.o ABSOLUTE
    ..\src\AzureRTOS\common\src\tx_thread_timeout.c 0x00000000   Number         0  tx_thread_timeout.o ABSOLUTE
    ..\src\AzureRTOS\common\src\tx_thread_wait_abort.c 0x00000000   Number         0  tx_thread_wait_abort.o ABSOLUTE
    ..\src\AzureRTOS\common\src\tx_time_get.c 0x00000000   Number         0  tx_time_get.o ABSOLUTE
    ..\src\AzureRTOS\common\src\tx_time_set.c 0x00000000   Number         0  tx_time_set.o ABSOLUTE
    ..\src\AzureRTOS\common\src\tx_timer_activate.c 0x00000000   Number         0  tx_timer_activate.o ABSOLUTE
    ..\src\AzureRTOS\common\src\tx_timer_change.c 0x00000000   Number         0  tx_timer_change.o ABSOLUTE
    ..\src\AzureRTOS\common\src\tx_timer_create.c 0x00000000   Number         0  tx_timer_create.o ABSOLUTE
    ..\src\AzureRTOS\common\src\tx_timer_deactivate.c 0x00000000   Number         0  tx_timer_deactivate.o ABSOLUTE
    ..\src\AzureRTOS\common\src\tx_timer_delete.c 0x00000000   Number         0  tx_timer_delete.o ABSOLUTE
    ..\src\AzureRTOS\common\src\tx_timer_expiration_process.c 0x00000000   Number         0  tx_timer_expiration_process.o ABSOLUTE
    ..\src\AzureRTOS\common\src\tx_timer_info_get.c 0x00000000   Number         0  tx_timer_info_get.o ABSOLUTE
    ..\src\AzureRTOS\common\src\tx_timer_initialize.c 0x00000000   Number         0  tx_timer_initialize.o ABSOLUTE
    ..\src\AzureRTOS\common\src\tx_timer_performance_info_get.c 0x00000000   Number         0  tx_timer_performance_info_get.o ABSOLUTE
    ..\src\AzureRTOS\common\src\tx_timer_performance_system_info_get.c 0x00000000   Number         0  tx_timer_performance_system_info_get.o ABSOLUTE
    ..\src\AzureRTOS\common\src\tx_timer_system_activate.c 0x00000000   Number         0  tx_timer_system_activate.o ABSOLUTE
    ..\src\AzureRTOS\common\src\tx_timer_system_deactivate.c 0x00000000   Number         0  tx_timer_system_deactivate.o ABSOLUTE
    ..\src\AzureRTOS\common\src\tx_timer_thread_entry.c 0x00000000   Number         0  tx_timer_thread_entry.o ABSOLUTE
    ..\src\AzureRTOS\common\src\tx_trace_buffer_full_notify.c 0x00000000   Number         0  tx_trace_buffer_full_notify.o ABSOLUTE
    ..\src\AzureRTOS\common\src\tx_trace_disable.c 0x00000000   Number         0  tx_trace_disable.o ABSOLUTE
    ..\src\AzureRTOS\common\src\tx_trace_enable.c 0x00000000   Number         0  tx_trace_enable.o ABSOLUTE
    ..\src\AzureRTOS\common\src\tx_trace_event_filter.c 0x00000000   Number         0  tx_trace_event_filter.o ABSOLUTE
    ..\src\AzureRTOS\common\src\tx_trace_event_unfilter.c 0x00000000   Number         0  tx_trace_event_unfilter.o ABSOLUTE
    ..\src\AzureRTOS\common\src\tx_trace_initialize.c 0x00000000   Number         0  tx_trace_initialize.o ABSOLUTE
    ..\src\AzureRTOS\common\src\tx_trace_interrupt_control.c 0x00000000   Number         0  tx_trace_interrupt_control.o ABSOLUTE
    ..\src\AzureRTOS\common\src\tx_trace_isr_enter_insert.c 0x00000000   Number         0  tx_trace_isr_enter_insert.o ABSOLUTE
    ..\src\AzureRTOS\common\src\tx_trace_isr_exit_insert.c 0x00000000   Number         0  tx_trace_isr_exit_insert.o ABSOLUTE
    ..\src\AzureRTOS\common\src\tx_trace_object_register.c 0x00000000   Number         0  tx_trace_object_register.o ABSOLUTE
    ..\src\AzureRTOS\common\src\tx_trace_object_unregister.c 0x00000000   Number         0  tx_trace_object_unregister.o ABSOLUTE
    ..\src\AzureRTOS\common\src\tx_trace_user_event_insert.c 0x00000000   Number         0  tx_trace_user_event_insert.o ABSOLUTE
    ..\src\AzureRTOS\common\src\txe_block_allocate.c 0x00000000   Number         0  txe_block_allocate.o ABSOLUTE
    ..\src\AzureRTOS\common\src\txe_block_pool_create.c 0x00000000   Number         0  txe_block_pool_create.o ABSOLUTE
    ..\src\AzureRTOS\common\src\txe_block_pool_delete.c 0x00000000   Number         0  txe_block_pool_delete.o ABSOLUTE
    ..\src\AzureRTOS\common\src\txe_block_pool_info_get.c 0x00000000   Number         0  txe_block_pool_info_get.o ABSOLUTE
    ..\src\AzureRTOS\common\src\txe_block_pool_prioritize.c 0x00000000   Number         0  txe_block_pool_prioritize.o ABSOLUTE
    ..\src\AzureRTOS\common\src\txe_block_release.c 0x00000000   Number         0  txe_block_release.o ABSOLUTE
    ..\src\AzureRTOS\common\src\txe_byte_allocate.c 0x00000000   Number         0  txe_byte_allocate.o ABSOLUTE
    ..\src\AzureRTOS\common\src\txe_byte_pool_create.c 0x00000000   Number         0  txe_byte_pool_create.o ABSOLUTE
    ..\src\AzureRTOS\common\src\txe_byte_pool_delete.c 0x00000000   Number         0  txe_byte_pool_delete.o ABSOLUTE
    ..\src\AzureRTOS\common\src\txe_byte_pool_info_get.c 0x00000000   Number         0  txe_byte_pool_info_get.o ABSOLUTE
    ..\src\AzureRTOS\common\src\txe_byte_pool_prioritize.c 0x00000000   Number         0  txe_byte_pool_prioritize.o ABSOLUTE
    ..\src\AzureRTOS\common\src\txe_byte_release.c 0x00000000   Number         0  txe_byte_release.o ABSOLUTE
    ..\src\AzureRTOS\common\src\txe_event_flags_create.c 0x00000000   Number         0  txe_event_flags_create.o ABSOLUTE
    ..\src\AzureRTOS\common\src\txe_event_flags_delete.c 0x00000000   Number         0  txe_event_flags_delete.o ABSOLUTE
    ..\src\AzureRTOS\common\src\txe_event_flags_get.c 0x00000000   Number         0  txe_event_flags_get.o ABSOLUTE
    ..\src\AzureRTOS\common\src\txe_event_flags_info_get.c 0x00000000   Number         0  txe_event_flags_info_get.o ABSOLUTE
    ..\src\AzureRTOS\common\src\txe_event_flags_set.c 0x00000000   Number         0  txe_event_flags_set.o ABSOLUTE
    ..\src\AzureRTOS\common\src\txe_event_flags_set_notify.c 0x00000000   Number         0  txe_event_flags_set_notify.o ABSOLUTE
    ..\src\AzureRTOS\common\src\txe_mutex_create.c 0x00000000   Number         0  txe_mutex_create.o ABSOLUTE
    ..\src\AzureRTOS\common\src\txe_mutex_delete.c 0x00000000   Number         0  txe_mutex_delete.o ABSOLUTE
    ..\src\AzureRTOS\common\src\txe_mutex_get.c 0x00000000   Number         0  txe_mutex_get.o ABSOLUTE
    ..\src\AzureRTOS\common\src\txe_mutex_info_get.c 0x00000000   Number         0  txe_mutex_info_get.o ABSOLUTE
    ..\src\AzureRTOS\common\src\txe_mutex_prioritize.c 0x00000000   Number         0  txe_mutex_prioritize.o ABSOLUTE
    ..\src\AzureRTOS\common\src\txe_mutex_put.c 0x00000000   Number         0  txe_mutex_put.o ABSOLUTE
    ..\src\AzureRTOS\common\src\txe_queue_create.c 0x00000000   Number         0  txe_queue_create.o ABSOLUTE
    ..\src\AzureRTOS\common\src\txe_queue_delete.c 0x00000000   Number         0  txe_queue_delete.o ABSOLUTE
    ..\src\AzureRTOS\common\src\txe_queue_flush.c 0x00000000   Number         0  txe_queue_flush.o ABSOLUTE
    ..\src\AzureRTOS\common\src\txe_queue_front_send.c 0x00000000   Number         0  txe_queue_front_send.o ABSOLUTE
    ..\src\AzureRTOS\common\src\txe_queue_info_get.c 0x00000000   Number         0  txe_queue_info_get.o ABSOLUTE
    ..\src\AzureRTOS\common\src\txe_queue_prioritize.c 0x00000000   Number         0  txe_queue_prioritize.o ABSOLUTE
    ..\src\AzureRTOS\common\src\txe_queue_receive.c 0x00000000   Number         0  txe_queue_receive.o ABSOLUTE
    ..\src\AzureRTOS\common\src\txe_queue_send.c 0x00000000   Number         0  txe_queue_send.o ABSOLUTE
    ..\src\AzureRTOS\common\src\txe_queue_send_notify.c 0x00000000   Number         0  txe_queue_send_notify.o ABSOLUTE
    ..\src\AzureRTOS\common\src\txe_semaphore_ceiling_put.c 0x00000000   Number         0  txe_semaphore_ceiling_put.o ABSOLUTE
    ..\src\AzureRTOS\common\src\txe_semaphore_create.c 0x00000000   Number         0  txe_semaphore_create.o ABSOLUTE
    ..\src\AzureRTOS\common\src\txe_semaphore_delete.c 0x00000000   Number         0  txe_semaphore_delete.o ABSOLUTE
    ..\src\AzureRTOS\common\src\txe_semaphore_get.c 0x00000000   Number         0  txe_semaphore_get.o ABSOLUTE
    ..\src\AzureRTOS\common\src\txe_semaphore_info_get.c 0x00000000   Number         0  txe_semaphore_info_get.o ABSOLUTE
    ..\src\AzureRTOS\common\src\txe_semaphore_prioritize.c 0x00000000   Number         0  txe_semaphore_prioritize.o ABSOLUTE
    ..\src\AzureRTOS\common\src\txe_semaphore_put.c 0x00000000   Number         0  txe_semaphore_put.o ABSOLUTE
    ..\src\AzureRTOS\common\src\txe_semaphore_put_notify.c 0x00000000   Number         0  txe_semaphore_put_notify.o ABSOLUTE
    ..\src\AzureRTOS\common\src\txe_thread_create.c 0x00000000   Number         0  txe_thread_create.o ABSOLUTE
    ..\src\AzureRTOS\common\src\txe_thread_delete.c 0x00000000   Number         0  txe_thread_delete.o ABSOLUTE
    ..\src\AzureRTOS\common\src\txe_thread_entry_exit_notify.c 0x00000000   Number         0  txe_thread_entry_exit_notify.o ABSOLUTE
    ..\src\AzureRTOS\common\src\txe_thread_info_get.c 0x00000000   Number         0  txe_thread_info_get.o ABSOLUTE
    ..\src\AzureRTOS\common\src\txe_thread_preemption_change.c 0x00000000   Number         0  txe_thread_preemption_change.o ABSOLUTE
    ..\src\AzureRTOS\common\src\txe_thread_priority_change.c 0x00000000   Number         0  txe_thread_priority_change.o ABSOLUTE
    ..\src\AzureRTOS\common\src\txe_thread_relinquish.c 0x00000000   Number         0  txe_thread_relinquish.o ABSOLUTE
    ..\src\AzureRTOS\common\src\txe_thread_reset.c 0x00000000   Number         0  txe_thread_reset.o ABSOLUTE
    ..\src\AzureRTOS\common\src\txe_thread_resume.c 0x00000000   Number         0  txe_thread_resume.o ABSOLUTE
    ..\src\AzureRTOS\common\src\txe_thread_suspend.c 0x00000000   Number         0  txe_thread_suspend.o ABSOLUTE
    ..\src\AzureRTOS\common\src\txe_thread_terminate.c 0x00000000   Number         0  txe_thread_terminate.o ABSOLUTE
    ..\src\AzureRTOS\common\src\txe_thread_time_slice_change.c 0x00000000   Number         0  txe_thread_time_slice_change.o ABSOLUTE
    ..\src\AzureRTOS\common\src\txe_thread_wait_abort.c 0x00000000   Number         0  txe_thread_wait_abort.o ABSOLUTE
    ..\src\AzureRTOS\common\src\txe_timer_activate.c 0x00000000   Number         0  txe_timer_activate.o ABSOLUTE
    ..\src\AzureRTOS\common\src\txe_timer_change.c 0x00000000   Number         0  txe_timer_change.o ABSOLUTE
    ..\src\AzureRTOS\common\src\txe_timer_create.c 0x00000000   Number         0  txe_timer_create.o ABSOLUTE
    ..\src\AzureRTOS\common\src\txe_timer_deactivate.c 0x00000000   Number         0  txe_timer_deactivate.o ABSOLUTE
    ..\src\AzureRTOS\common\src\txe_timer_delete.c 0x00000000   Number         0  txe_timer_delete.o ABSOLUTE
    ..\src\AzureRTOS\common\src\txe_timer_info_get.c 0x00000000   Number         0  txe_timer_info_get.o ABSOLUTE
    ..\src\AzureRTOS\ports\cortex_m4\keil\src\tx_initialize_low_level.s 0x00000000   Number         0  tx_initialize_low_level.o ABSOLUTE
    ..\src\AzureRTOS\ports\cortex_m4\keil\src\tx_thread_context_restore.s 0x00000000   Number         0  tx_thread_context_restore.o ABSOLUTE
    ..\src\AzureRTOS\ports\cortex_m4\keil\src\tx_thread_context_save.s 0x00000000   Number         0  tx_thread_context_save.o ABSOLUTE
    ..\src\AzureRTOS\ports\cortex_m4\keil\src\tx_thread_interrupt_control.s 0x00000000   Number         0  tx_thread_interrupt_control.o ABSOLUTE
    ..\src\AzureRTOS\ports\cortex_m4\keil\src\tx_thread_interrupt_disable.s 0x00000000   Number         0  tx_thread_interrupt_disable.o ABSOLUTE
    ..\src\AzureRTOS\ports\cortex_m4\keil\src\tx_thread_interrupt_restore.s 0x00000000   Number         0  tx_thread_interrupt_restore.o ABSOLUTE
    ..\src\AzureRTOS\ports\cortex_m4\keil\src\tx_thread_schedule.s 0x00000000   Number         0  tx_thread_schedule.o ABSOLUTE
    ..\src\AzureRTOS\ports\cortex_m4\keil\src\tx_thread_stack_build.s 0x00000000   Number         0  tx_thread_stack_build.o ABSOLUTE
    ..\src\AzureRTOS\ports\cortex_m4\keil\src\tx_thread_system_return.s 0x00000000   Number         0  tx_thread_system_return.o ABSOLUTE
    ..\src\AzureRTOS\ports\cortex_m4\keil\src\tx_timer_interrupt.s 0x00000000   Number         0  tx_timer_interrupt.o ABSOLUTE
    dc.s                                     0x00000000   Number         0  dc.o ABSOLUTE
    handlers.s                               0x00000000   Number         0  handlers.o ABSOLUTE
    init.s                                   0x00000000   Number         0  init.o ABSOLUTE
    startup_stm32l496xx.s                    0x00000000   Number         0  startup_stm32l496xx.o ABSOLUTE
    RESET                                    0x08000000   Section      428  startup_stm32l496xx.o(RESET)
    .ARM.Collect$$$$00000000                 0x080001ac   Section        0  entry.o(.ARM.Collect$$$$00000000)
    .ARM.Collect$$$$00000001                 0x080001ac   Section        4  entry2.o(.ARM.Collect$$$$00000001)
    .ARM.Collect$$$$00000004                 0x080001b0   Section        4  entry5.o(.ARM.Collect$$$$00000004)
    .ARM.Collect$$$$00000008                 0x080001b4   Section        0  entry7b.o(.ARM.Collect$$$$00000008)
    .ARM.Collect$$$$0000000A                 0x080001b4   Section        0  entry8b.o(.ARM.Collect$$$$0000000A)
    .ARM.Collect$$$$0000000B                 0x080001b4   Section        8  entry9a.o(.ARM.Collect$$$$0000000B)
    .ARM.Collect$$$$0000000D                 0x080001bc   Section        0  entry10a.o(.ARM.Collect$$$$0000000D)
    .ARM.Collect$$$$0000000F                 0x080001bc   Section        0  entry11a.o(.ARM.Collect$$$$0000000F)
    .ARM.Collect$$$$00002712                 0x080001bc   Section        4  entry2.o(.ARM.Collect$$$$00002712)
    __lit__00000000                          0x080001bc   Data           4  entry2.o(.ARM.Collect$$$$00002712)
    .text                                    0x080001c0   Section       36  startup_stm32l496xx.o(.text)
    $v0                                      0x080001c0   Number         0  startup_stm32l496xx.o(.text)
    .text                                    0x080001e4   Section      212  tx_thread_schedule.o(.text)
    $v0                                      0x080001e4   Number         0  tx_thread_schedule.o(.text)
    .text                                    0x080002c4   Section       64  tx_thread_stack_build.o(.text)
    $v0                                      0x080002c4   Number         0  tx_thread_stack_build.o(.text)
    .text                                    0x08000304   Section      232  tx_timer_interrupt.o(.text)
    $v0                                      0x08000304   Number         0  tx_timer_interrupt.o(.text)
    .text                                    0x080003ec   Section      112  tx_initialize_low_level.o(.text)
    $v0                                      0x080003ec   Number         0  tx_initialize_low_level.o(.text)
    .text                                    0x0800045c   Section        0  memseta.o(.text)
    .text                                    0x08000480   Section       36  init.o(.text)
    i.BusFault_Handler                       0x080004a4   Section        0  stm32l4xx_it.o(i.BusFault_Handler)
    i.DebugMon_Handler                       0x080004a8   Section        0  stm32l4xx_it.o(i.DebugMon_Handler)
    i.Error_Handler                          0x080004aa   Section        0  main.o(i.Error_Handler)
    i.HAL_Delay                              0x080004ac   Section        0  stm32l4xx_hal.o(i.HAL_Delay)
    i.HAL_GetTick                            0x080004d4   Section        0  stm32l4xx_hal.o(i.HAL_GetTick)
    i.HAL_IncTick                            0x080004e0   Section        0  stm32l4xx_hal.o(i.HAL_IncTick)
    i.HAL_Init                               0x080004f8   Section        0  stm32l4xx_hal.o(i.HAL_Init)
    i.HAL_InitTick                           0x08000518   Section        0  stm32l4xx_hal.o(i.HAL_InitTick)
    i.HAL_MspInit                            0x08000570   Section        0  stm32l4xx_hal_msp.o(i.HAL_MspInit)
    i.HAL_NVIC_SetPriority                   0x080005b0   Section        0  stm32l4xx_hal_cortex.o(i.HAL_NVIC_SetPriority)
    i.HAL_NVIC_SetPriorityGrouping           0x08000634   Section        0  stm32l4xx_hal_cortex.o(i.HAL_NVIC_SetPriorityGrouping)
    i.HAL_PWREx_ControlVoltageScaling        0x0800065c   Section        0  stm32l4xx_hal_pwr_ex.o(i.HAL_PWREx_ControlVoltageScaling)
    i.HAL_PWREx_GetVoltageRange              0x080006e8   Section        0  stm32l4xx_hal_pwr_ex.o(i.HAL_PWREx_GetVoltageRange)
    i.HAL_RCC_ClockConfig                    0x080006f8   Section        0  stm32l4xx_hal_rcc.o(i.HAL_RCC_ClockConfig)
    i.HAL_RCC_GetSysClockFreq                0x08000874   Section        0  stm32l4xx_hal_rcc.o(i.HAL_RCC_GetSysClockFreq)
    i.HAL_RCC_OscConfig                      0x08000960   Section        0  stm32l4xx_hal_rcc.o(i.HAL_RCC_OscConfig)
    i.HAL_SYSTICK_Config                     0x080010d4   Section        0  stm32l4xx_hal_cortex.o(i.HAL_SYSTICK_Config)
    i.HardFault_Handler                      0x08001108   Section        0  stm32l4xx_it.o(i.HardFault_Handler)
    i.MX_GPIO_Init                           0x0800110c   Section        0  gpio.o(i.MX_GPIO_Init)
    i.MemManage_Handler                      0x08001130   Section        0  stm32l4xx_it.o(i.MemManage_Handler)
    i.NMI_Handler                            0x08001134   Section        0  stm32l4xx_it.o(i.NMI_Handler)
    i.RCC_SetFlashLatencyFromMSIRange        0x08001138   Section        0  stm32l4xx_hal_rcc.o(i.RCC_SetFlashLatencyFromMSIRange)
    RCC_SetFlashLatencyFromMSIRange          0x08001139   Thumb Code   148  stm32l4xx_hal_rcc.o(i.RCC_SetFlashLatencyFromMSIRange)
    i.SVC_Handler                            0x080011d4   Section        0  stm32l4xx_it.o(i.SVC_Handler)
    i.SystemClock_Config                     0x080011d6   Section        0  main.o(i.SystemClock_Config)
    i.SystemInit                             0x0800124c   Section        0  system_stm32l4xx.o(i.SystemInit)
    i.UsageFault_Handler                     0x0800129c   Section        0  stm32l4xx_it.o(i.UsageFault_Handler)
    i.__NVIC_GetPriorityGrouping             0x080012a0   Section        0  stm32l4xx_hal_cortex.o(i.__NVIC_GetPriorityGrouping)
    __NVIC_GetPriorityGrouping               0x080012a1   Thumb Code    10  stm32l4xx_hal_cortex.o(i.__NVIC_GetPriorityGrouping)
    i.__NVIC_SetPriority                     0x080012b0   Section        0  stm32l4xx_hal_cortex.o(i.__NVIC_SetPriority)
    __NVIC_SetPriority                       0x080012b1   Thumb Code    32  stm32l4xx_hal_cortex.o(i.__NVIC_SetPriority)
    i.__scatterload_copy                     0x080012d8   Section       14  handlers.o(i.__scatterload_copy)
    i.__scatterload_null                     0x080012e6   Section        2  handlers.o(i.__scatterload_null)
    i.__scatterload_zeroinit                 0x080012e8   Section       14  handlers.o(i.__scatterload_zeroinit)
    i._tx_initialize_high_level              0x080012f8   Section        0  tx_initialize_high_level.o(i._tx_initialize_high_level)
    i._tx_initialize_kernel_enter            0x08001368   Section        0  tx_initialize_kernel_enter.o(i._tx_initialize_kernel_enter)
    i._tx_thread_create                      0x080013b8   Section        0  tx_thread_create.o(i._tx_thread_create)
    i._tx_thread_initialize                  0x0800151c   Section        0  tx_thread_initialize.o(i._tx_thread_initialize)
    i._tx_thread_shell_entry                 0x0800158c   Section        0  tx_thread_shell_entry.o(i._tx_thread_shell_entry)
    i._tx_thread_sleep                       0x08001610   Section        0  tx_thread_sleep.o(i._tx_thread_sleep)
    i._tx_thread_system_preempt_check        0x080016ac   Section        0  tx_thread_system_preempt_check.o(i._tx_thread_system_preempt_check)
    i._tx_thread_system_resume               0x080016d4   Section        0  tx_thread_system_resume.o(i._tx_thread_system_resume)
    i._tx_thread_system_return_inline        0x08001820   Section        0  tx_thread_system_preempt_check.o(i._tx_thread_system_return_inline)
    _tx_thread_system_return_inline          0x08001821   Thumb Code    32  tx_thread_system_preempt_check.o(i._tx_thread_system_return_inline)
    i._tx_thread_system_return_inline        0x08001844   Section        0  tx_thread_system_resume.o(i._tx_thread_system_return_inline)
    _tx_thread_system_return_inline          0x08001845   Thumb Code    32  tx_thread_system_resume.o(i._tx_thread_system_return_inline)
    i._tx_thread_system_return_inline        0x08001868   Section        0  tx_thread_system_suspend.o(i._tx_thread_system_return_inline)
    _tx_thread_system_return_inline          0x08001869   Thumb Code    32  tx_thread_system_suspend.o(i._tx_thread_system_return_inline)
    i._tx_thread_system_suspend              0x0800188c   Section        0  tx_thread_system_suspend.o(i._tx_thread_system_suspend)
    i._tx_thread_time_slice                  0x08001a70   Section        0  tx_thread_time_slice.o(i._tx_thread_time_slice)
    i._tx_thread_timeout                     0x08001adc   Section        0  tx_thread_timeout.o(i._tx_thread_timeout)
    i._tx_timer_expiration_process           0x08001b24   Section        0  tx_timer_expiration_process.o(i._tx_timer_expiration_process)
    i._tx_timer_initialize                   0x08001b54   Section        0  tx_timer_initialize.o(i._tx_timer_initialize)
    i._tx_timer_system_activate              0x08001c3c   Section        0  tx_timer_system_activate.o(i._tx_timer_system_activate)
    i._tx_timer_system_deactivate            0x08001c9c   Section        0  tx_timer_system_deactivate.o(i._tx_timer_system_deactivate)
    i._tx_timer_thread_entry                 0x08001ccc   Section        0  tx_timer_thread_entry.o(i._tx_timer_thread_entry)
    i._txe_thread_create                     0x08001e34   Section        0  txe_thread_create.o(i._txe_thread_create)
    i.main                                   0x08001fc6   Section        0  main.o(i.main)
    i.thread1_entry                          0x08001fe4   Section        0  main.o(i.thread1_entry)
    i.tx_application_define                  0x08001ff0   Section        0  main.o(i.tx_application_define)
    .constdata                               0x08002038   Section       72  system_stm32l4xx.o(.constdata)
    .data                                    0x20000000   Section       12  stm32l4xx_hal.o(.data)
    .data                                    0x2000000c   Section        4  system_stm32l4xx.o(.data)
    .data                                    0x20000010   Section       52  tx_initialize_high_level.o(.data)
    .data                                    0x20000044   Section      148  tx_thread_initialize.o(.data)
    .data                                    0x200000d8   Section       52  tx_timer_initialize.o(.data)
    .bss                                     0x2000010c   Section      180  main.o(.bss)
    .bss                                     0x200001c0   Section      128  tx_thread_initialize.o(.bss)
    .bss                                     0x20000240   Section     1332  tx_timer_initialize.o(.bss)
    STACK                                    0x20000778   Section     1024  startup_stm32l496xx.o(STACK)

    Global Symbols

    Symbol Name                              Value     Ov Type        Size  Object(Section)

    BuildAttributes$$THM_ISAv4$E$P$D$K$B$S$7EM$VFPi3$EXTD16$VFPS$VFMA$PE$A:L22UL41UL21$X:L11$S22US41US21$IEEE1$IW$USESV6$~STKCKD$USESV7$~SHL$OSPACE$EBA8$MICROLIB$REQ8$PRES8$EABIv2 0x00000000   Number         0  anon$$obj.o ABSOLUTE
    __ARM_use_no_argv                        0x00000000   Number         0  main.o ABSOLUTE
    __cpp_initialize__aeabi_                  - Undefined Weak Reference
    __cxa_finalize                            - Undefined Weak Reference
    __decompress                              - Undefined Weak Reference
    _clock_init                               - Undefined Weak Reference
    _microlib_exit                            - Undefined Weak Reference
    __Vectors_Size                           0x000001ac   Number         0  startup_stm32l496xx.o ABSOLUTE
    __Vectors                                0x08000000   Data           4  startup_stm32l496xx.o(RESET)
    __Vectors_End                            0x080001ac   Data           0  startup_stm32l496xx.o(RESET)
    __main                                   0x080001ad   Thumb Code     0  entry.o(.ARM.Collect$$$$00000000)
    _main_stk                                0x080001ad   Thumb Code     0  entry2.o(.ARM.Collect$$$$00000001)
    _main_scatterload                        0x080001b1   Thumb Code     0  entry5.o(.ARM.Collect$$$$00000004)
    __main_after_scatterload                 0x080001b5   Thumb Code     0  entry5.o(.ARM.Collect$$$$00000004)
    _main_clock                              0x080001b5   Thumb Code     0  entry7b.o(.ARM.Collect$$$$00000008)
    _main_cpp_init                           0x080001b5   Thumb Code     0  entry8b.o(.ARM.Collect$$$$0000000A)
    _main_init                               0x080001b5   Thumb Code     0  entry9a.o(.ARM.Collect$$$$0000000B)
    __rt_final_cpp                           0x080001bd   Thumb Code     0  entry10a.o(.ARM.Collect$$$$0000000D)
    __rt_final_exit                          0x080001bd   Thumb Code     0  entry11a.o(.ARM.Collect$$$$0000000F)
    Reset_Handler                            0x080001c1   Thumb Code     8  startup_stm32l496xx.o(.text)
    ADC1_2_IRQHandler                        0x080001db   Thumb Code     0  startup_stm32l496xx.o(.text)
    ADC3_IRQHandler                          0x080001db   Thumb Code     0  startup_stm32l496xx.o(.text)
    CAN1_RX0_IRQHandler                      0x080001db   Thumb Code     0  startup_stm32l496xx.o(.text)
    CAN1_RX1_IRQHandler                      0x080001db   Thumb Code     0  startup_stm32l496xx.o(.text)
    CAN1_SCE_IRQHandler                      0x080001db   Thumb Code     0  startup_stm32l496xx.o(.text)
    CAN1_TX_IRQHandler                       0x080001db   Thumb Code     0  startup_stm32l496xx.o(.text)
    CAN2_RX0_IRQHandler                      0x080001db   Thumb Code     0  startup_stm32l496xx.o(.text)
    CAN2_RX1_IRQHandler                      0x080001db   Thumb Code     0  startup_stm32l496xx.o(.text)
    CAN2_SCE_IRQHandler                      0x080001db   Thumb Code     0  startup_stm32l496xx.o(.text)
    CAN2_TX_IRQHandler                       0x080001db   Thumb Code     0  startup_stm32l496xx.o(.text)
    COMP_IRQHandler                          0x080001db   Thumb Code     0  startup_stm32l496xx.o(.text)
    CRS_IRQHandler                           0x080001db   Thumb Code     0  startup_stm32l496xx.o(.text)
    DCMI_IRQHandler                          0x080001db   Thumb Code     0  startup_stm32l496xx.o(.text)
    DFSDM1_FLT0_IRQHandler                   0x080001db   Thumb Code     0  startup_stm32l496xx.o(.text)
    DFSDM1_FLT1_IRQHandler                   0x080001db   Thumb Code     0  startup_stm32l496xx.o(.text)
    DFSDM1_FLT2_IRQHandler                   0x080001db   Thumb Code     0  startup_stm32l496xx.o(.text)
    DFSDM1_FLT3_IRQHandler                   0x080001db   Thumb Code     0  startup_stm32l496xx.o(.text)
    DMA1_Channel1_IRQHandler                 0x080001db   Thumb Code     0  startup_stm32l496xx.o(.text)
    DMA1_Channel2_IRQHandler                 0x080001db   Thumb Code     0  startup_stm32l496xx.o(.text)
    DMA1_Channel3_IRQHandler                 0x080001db   Thumb Code     0  startup_stm32l496xx.o(.text)
    DMA1_Channel4_IRQHandler                 0x080001db   Thumb Code     0  startup_stm32l496xx.o(.text)
    DMA1_Channel5_IRQHandler                 0x080001db   Thumb Code     0  startup_stm32l496xx.o(.text)
    DMA1_Channel6_IRQHandler                 0x080001db   Thumb Code     0  startup_stm32l496xx.o(.text)
    DMA1_Channel7_IRQHandler                 0x080001db   Thumb Code     0  startup_stm32l496xx.o(.text)
    DMA2D_IRQHandler                         0x080001db   Thumb Code     0  startup_stm32l496xx.o(.text)
    DMA2_Channel1_IRQHandler                 0x080001db   Thumb Code     0  startup_stm32l496xx.o(.text)
    DMA2_Channel2_IRQHandler                 0x080001db   Thumb Code     0  startup_stm32l496xx.o(.text)
    DMA2_Channel3_IRQHandler                 0x080001db   Thumb Code     0  startup_stm32l496xx.o(.text)
    DMA2_Channel4_IRQHandler                 0x080001db   Thumb Code     0  startup_stm32l496xx.o(.text)
    DMA2_Channel5_IRQHandler                 0x080001db   Thumb Code     0  startup_stm32l496xx.o(.text)
    DMA2_Channel6_IRQHandler                 0x080001db   Thumb Code     0  startup_stm32l496xx.o(.text)
    DMA2_Channel7_IRQHandler                 0x080001db   Thumb Code     0  startup_stm32l496xx.o(.text)
    EXTI0_IRQHandler                         0x080001db   Thumb Code     0  startup_stm32l496xx.o(.text)
    EXTI15_10_IRQHandler                     0x080001db   Thumb Code     0  startup_stm32l496xx.o(.text)
    EXTI1_IRQHandler                         0x080001db   Thumb Code     0  startup_stm32l496xx.o(.text)
    EXTI2_IRQHandler                         0x080001db   Thumb Code     0  startup_stm32l496xx.o(.text)
    EXTI3_IRQHandler                         0x080001db   Thumb Code     0  startup_stm32l496xx.o(.text)
    EXTI4_IRQHandler                         0x080001db   Thumb Code     0  startup_stm32l496xx.o(.text)
    EXTI9_5_IRQHandler                       0x080001db   Thumb Code     0  startup_stm32l496xx.o(.text)
    FLASH_IRQHandler                         0x080001db   Thumb Code     0  startup_stm32l496xx.o(.text)
    FMC_IRQHandler                           0x080001db   Thumb Code     0  startup_stm32l496xx.o(.text)
    FPU_IRQHandler                           0x080001db   Thumb Code     0  startup_stm32l496xx.o(.text)
    I2C1_ER_IRQHandler                       0x080001db   Thumb Code     0  startup_stm32l496xx.o(.text)
    I2C1_EV_IRQHandler                       0x080001db   Thumb Code     0  startup_stm32l496xx.o(.text)
    I2C2_ER_IRQHandler                       0x080001db   Thumb Code     0  startup_stm32l496xx.o(.text)
    I2C2_EV_IRQHandler                       0x080001db   Thumb Code     0  startup_stm32l496xx.o(.text)
    I2C3_ER_IRQHandler                       0x080001db   Thumb Code     0  startup_stm32l496xx.o(.text)
    I2C3_EV_IRQHandler                       0x080001db   Thumb Code     0  startup_stm32l496xx.o(.text)
    I2C4_ER_IRQHandler                       0x080001db   Thumb Code     0  startup_stm32l496xx.o(.text)
    I2C4_EV_IRQHandler                       0x080001db   Thumb Code     0  startup_stm32l496xx.o(.text)
    LCD_IRQHandler                           0x080001db   Thumb Code     0  startup_stm32l496xx.o(.text)
    LPTIM1_IRQHandler                        0x080001db   Thumb Code     0  startup_stm32l496xx.o(.text)
    LPTIM2_IRQHandler                        0x080001db   Thumb Code     0  startup_stm32l496xx.o(.text)
    LPUART1_IRQHandler                       0x080001db   Thumb Code     0  startup_stm32l496xx.o(.text)
    OTG_FS_IRQHandler                        0x080001db   Thumb Code     0  startup_stm32l496xx.o(.text)
    PVD_PVM_IRQHandler                       0x080001db   Thumb Code     0  startup_stm32l496xx.o(.text)
    QUADSPI_IRQHandler                       0x080001db   Thumb Code     0  startup_stm32l496xx.o(.text)
    RCC_IRQHandler                           0x080001db   Thumb Code     0  startup_stm32l496xx.o(.text)
    RNG_IRQHandler                           0x080001db   Thumb Code     0  startup_stm32l496xx.o(.text)
    RTC_Alarm_IRQHandler                     0x080001db   Thumb Code     0  startup_stm32l496xx.o(.text)
    RTC_WKUP_IRQHandler                      0x080001db   Thumb Code     0  startup_stm32l496xx.o(.text)
    SAI1_IRQHandler                          0x080001db   Thumb Code     0  startup_stm32l496xx.o(.text)
    SAI2_IRQHandler                          0x080001db   Thumb Code     0  startup_stm32l496xx.o(.text)
    SDMMC1_IRQHandler                        0x080001db   Thumb Code     0  startup_stm32l496xx.o(.text)
    SPI1_IRQHandler                          0x080001db   Thumb Code     0  startup_stm32l496xx.o(.text)
    SPI2_IRQHandler                          0x080001db   Thumb Code     0  startup_stm32l496xx.o(.text)
    SPI3_IRQHandler                          0x080001db   Thumb Code     0  startup_stm32l496xx.o(.text)
    SWPMI1_IRQHandler                        0x080001db   Thumb Code     0  startup_stm32l496xx.o(.text)
    TAMP_STAMP_IRQHandler                    0x080001db   Thumb Code     0  startup_stm32l496xx.o(.text)
    TIM1_BRK_TIM15_IRQHandler                0x080001db   Thumb Code     0  startup_stm32l496xx.o(.text)
    TIM1_CC_IRQHandler                       0x080001db   Thumb Code     0  startup_stm32l496xx.o(.text)
    TIM1_TRG_COM_TIM17_IRQHandler            0x080001db   Thumb Code     0  startup_stm32l496xx.o(.text)
    TIM1_UP_TIM16_IRQHandler                 0x080001db   Thumb Code     0  startup_stm32l496xx.o(.text)
    TIM2_IRQHandler                          0x080001db   Thumb Code     0  startup_stm32l496xx.o(.text)
    TIM3_IRQHandler                          0x080001db   Thumb Code     0  startup_stm32l496xx.o(.text)
    TIM4_IRQHandler                          0x080001db   Thumb Code     0  startup_stm32l496xx.o(.text)
    TIM5_IRQHandler                          0x080001db   Thumb Code     0  startup_stm32l496xx.o(.text)
    TIM6_DAC_IRQHandler                      0x080001db   Thumb Code     0  startup_stm32l496xx.o(.text)
    TIM7_IRQHandler                          0x080001db   Thumb Code     0  startup_stm32l496xx.o(.text)
    TIM8_BRK_IRQHandler                      0x080001db   Thumb Code     0  startup_stm32l496xx.o(.text)
    TIM8_CC_IRQHandler                       0x080001db   Thumb Code     0  startup_stm32l496xx.o(.text)
    TIM8_TRG_COM_IRQHandler                  0x080001db   Thumb Code     0  startup_stm32l496xx.o(.text)
    TIM8_UP_IRQHandler                       0x080001db   Thumb Code     0  startup_stm32l496xx.o(.text)
    TSC_IRQHandler                           0x080001db   Thumb Code     0  startup_stm32l496xx.o(.text)
    UART4_IRQHandler                         0x080001db   Thumb Code     0  startup_stm32l496xx.o(.text)
    UART5_IRQHandler                         0x080001db   Thumb Code     0  startup_stm32l496xx.o(.text)
    USART1_IRQHandler                        0x080001db   Thumb Code     0  startup_stm32l496xx.o(.text)
    USART2_IRQHandler                        0x080001db   Thumb Code     0  startup_stm32l496xx.o(.text)
    USART3_IRQHandler                        0x080001db   Thumb Code     0  startup_stm32l496xx.o(.text)
    WWDG_IRQHandler                          0x080001db   Thumb Code     0  startup_stm32l496xx.o(.text)
    _tx_thread_schedule                      0x080001e5   Thumb Code     0  tx_thread_schedule.o(.text)
    PendSV_Handler                           0x08000211   Thumb Code     0  tx_thread_schedule.o(.text)
    __tx_PendSVHandler                       0x08000211   Thumb Code     0  tx_thread_schedule.o(.text)
    tx_thread_fpu_enable                     0x080002ab   Thumb Code     0  tx_thread_schedule.o(.text)
    tx_thread_fpu_disable                    0x080002ad   Thumb Code     0  tx_thread_schedule.o(.text)
    _tx_vfp_access                           0x080002af   Thumb Code     0  tx_thread_schedule.o(.text)
    _tx_thread_stack_build                   0x080002c5   Thumb Code     0  tx_thread_stack_build.o(.text)
    _tx_timer_interrupt                      0x08000305   Thumb Code     0  tx_timer_interrupt.o(.text)
    _tx_initialize_low_level                 0x080003ed   Thumb Code     0  tx_initialize_low_level.o(.text)
    __tx_IntHandler                          0x08000431   Thumb Code     0  tx_initialize_low_level.o(.text)
    SysTick_Handler                          0x08000439   Thumb Code     0  tx_initialize_low_level.o(.text)
    __tx_SysTickHandler                      0x08000439   Thumb Code     0  tx_initialize_low_level.o(.text)
    __aeabi_memset                           0x0800045d   Thumb Code    14  memseta.o(.text)
    __aeabi_memset4                          0x0800045d   Thumb Code     0  memseta.o(.text)
    __aeabi_memset8                          0x0800045d   Thumb Code     0  memseta.o(.text)
    __aeabi_memclr                           0x0800046b   Thumb Code     4  memseta.o(.text)
    __aeabi_memclr4                          0x0800046b   Thumb Code     0  memseta.o(.text)
    __aeabi_memclr8                          0x0800046b   Thumb Code     0  memseta.o(.text)
    _memset$wrapper                          0x0800046f   Thumb Code    18  memseta.o(.text)
    __scatterload                            0x08000481   Thumb Code    28  init.o(.text)
    __scatterload_rt2                        0x08000481   Thumb Code     0  init.o(.text)
    BusFault_Handler                         0x080004a5   Thumb Code     4  stm32l4xx_it.o(i.BusFault_Handler)
    DebugMon_Handler                         0x080004a9   Thumb Code     2  stm32l4xx_it.o(i.DebugMon_Handler)
    Error_Handler                            0x080004ab   Thumb Code     2  main.o(i.Error_Handler)
    HAL_Delay                                0x080004ad   Thumb Code    36  stm32l4xx_hal.o(i.HAL_Delay)
    HAL_GetTick                              0x080004d5   Thumb Code     6  stm32l4xx_hal.o(i.HAL_GetTick)
    HAL_IncTick                              0x080004e1   Thumb Code    16  stm32l4xx_hal.o(i.HAL_IncTick)
    HAL_Init                                 0x080004f9   Thumb Code    30  stm32l4xx_hal.o(i.HAL_Init)
    HAL_InitTick                             0x08000519   Thumb Code    74  stm32l4xx_hal.o(i.HAL_InitTick)
    HAL_MspInit                              0x08000571   Thumb Code    58  stm32l4xx_hal_msp.o(i.HAL_MspInit)
    HAL_NVIC_SetPriority                     0x080005b1   Thumb Code   124  stm32l4xx_hal_cortex.o(i.HAL_NVIC_SetPriority)
    HAL_NVIC_SetPriorityGrouping             0x08000635   Thumb Code    32  stm32l4xx_hal_cortex.o(i.HAL_NVIC_SetPriorityGrouping)
    HAL_PWREx_ControlVoltageScaling          0x0800065d   Thumb Code   128  stm32l4xx_hal_pwr_ex.o(i.HAL_PWREx_ControlVoltageScaling)
    HAL_PWREx_GetVoltageRange                0x080006e9   Thumb Code    10  stm32l4xx_hal_pwr_ex.o(i.HAL_PWREx_GetVoltageRange)
    HAL_RCC_ClockConfig                      0x080006f9   Thumb Code   360  stm32l4xx_hal_rcc.o(i.HAL_RCC_ClockConfig)
    HAL_RCC_GetSysClockFreq                  0x08000875   Thumb Code   220  stm32l4xx_hal_rcc.o(i.HAL_RCC_GetSysClockFreq)
    HAL_RCC_OscConfig                        0x08000961   Thumb Code  1890  stm32l4xx_hal_rcc.o(i.HAL_RCC_OscConfig)
    HAL_SYSTICK_Config                       0x080010d5   Thumb Code    52  stm32l4xx_hal_cortex.o(i.HAL_SYSTICK_Config)
    HardFault_Handler                        0x08001109   Thumb Code     4  stm32l4xx_it.o(i.HardFault_Handler)
    MX_GPIO_Init                             0x0800110d   Thumb Code    32  gpio.o(i.MX_GPIO_Init)
    MemManage_Handler                        0x08001131   Thumb Code     4  stm32l4xx_it.o(i.MemManage_Handler)
    NMI_Handler                              0x08001135   Thumb Code     2  stm32l4xx_it.o(i.NMI_Handler)
    SVC_Handler                              0x080011d5   Thumb Code     2  stm32l4xx_it.o(i.SVC_Handler)
    SystemClock_Config                       0x080011d7   Thumb Code   118  main.o(i.SystemClock_Config)
    SystemInit                               0x0800124d   Thumb Code    68  system_stm32l4xx.o(i.SystemInit)
    UsageFault_Handler                       0x0800129d   Thumb Code     4  stm32l4xx_it.o(i.UsageFault_Handler)
    __scatterload_copy                       0x080012d9   Thumb Code    14  handlers.o(i.__scatterload_copy)
    __scatterload_null                       0x080012e7   Thumb Code     2  handlers.o(i.__scatterload_null)
    __scatterload_zeroinit                   0x080012e9   Thumb Code    14  handlers.o(i.__scatterload_zeroinit)
    _tx_initialize_high_level                0x080012f9   Thumb Code    62  tx_initialize_high_level.o(i._tx_initialize_high_level)
    _tx_initialize_kernel_enter              0x08001369   Thumb Code    66  tx_initialize_kernel_enter.o(i._tx_initialize_kernel_enter)
    _tx_thread_create                        0x080013b9   Thumb Code   314  tx_thread_create.o(i._tx_thread_create)
    _tx_thread_initialize                    0x0800151d   Thumb Code    68  tx_thread_initialize.o(i._tx_thread_initialize)
    _tx_thread_shell_entry                   0x0800158d   Thumb Code   120  tx_thread_shell_entry.o(i._tx_thread_shell_entry)
    _tx_thread_sleep                         0x08001611   Thumb Code   138  tx_thread_sleep.o(i._tx_thread_sleep)
    _tx_thread_system_preempt_check          0x080016ad   Thumb Code    26  tx_thread_system_preempt_check.o(i._tx_thread_system_preempt_check)
    _tx_thread_system_resume                 0x080016d5   Thumb Code   296  tx_thread_system_resume.o(i._tx_thread_system_resume)
    _tx_thread_system_suspend                0x0800188d   Thumb Code   442  tx_thread_system_suspend.o(i._tx_thread_system_suspend)
    _tx_thread_time_slice                    0x08001a71   Thumb Code    82  tx_thread_time_slice.o(i._tx_thread_time_slice)
    _tx_thread_timeout                       0x08001add   Thumb Code    68  tx_thread_timeout.o(i._tx_thread_timeout)
    _tx_timer_expiration_process             0x08001b25   Thumb Code    38  tx_timer_expiration_process.o(i._tx_timer_expiration_process)
    _tx_timer_initialize                     0x08001b55   Thumb Code   140  tx_timer_initialize.o(i._tx_timer_initialize)
    _tx_timer_system_activate                0x08001c3d   Thumb Code    84  tx_timer_system_activate.o(i._tx_timer_system_activate)
    _tx_timer_system_deactivate              0x08001c9d   Thumb Code    46  tx_timer_system_deactivate.o(i._tx_timer_system_deactivate)
    _tx_timer_thread_entry                   0x08001ccd   Thumb Code   320  tx_timer_thread_entry.o(i._tx_timer_thread_entry)
    _txe_thread_create                       0x08001e35   Thumb Code   370  txe_thread_create.o(i._txe_thread_create)
    main                                     0x08001fc7   Thumb Code    30  main.o(i.main)
    thread1_entry                            0x08001fe5   Thumb Code    12  main.o(i.thread1_entry)
    tx_application_define                    0x08001ff1   Thumb Code    48  main.o(i.tx_application_define)
    AHBPrescTable                            0x08002038   Data          16  system_stm32l4xx.o(.constdata)
    APBPrescTable                            0x08002048   Data           8  system_stm32l4xx.o(.constdata)
    MSIRangeTable                            0x08002050   Data          48  system_stm32l4xx.o(.constdata)
    Region$$Table$$Base                      0x08002080   Number         0  anon$$obj.o(Region$$Table)
    Region$$Table$$Limit                     0x080020a0   Number         0  anon$$obj.o(Region$$Table)
    uwTick                                   0x20000000   Data           4  stm32l4xx_hal.o(.data)
    uwTickPrio                               0x20000004   Data           4  stm32l4xx_hal.o(.data)
    uwTickFreq                               0x20000008   Data           4  stm32l4xx_hal.o(.data)
    SystemCoreClock                          0x2000000c   Data           4  system_stm32l4xx.o(.data)
    _tx_semaphore_created_ptr                0x20000010   Data           4  tx_initialize_high_level.o(.data)
    _tx_semaphore_created_count              0x20000014   Data           4  tx_initialize_high_level.o(.data)
    _tx_queue_created_ptr                    0x20000018   Data           4  tx_initialize_high_level.o(.data)
    _tx_queue_created_count                  0x2000001c   Data           4  tx_initialize_high_level.o(.data)
    _tx_event_flags_created_ptr              0x20000020   Data           4  tx_initialize_high_level.o(.data)
    _tx_event_flags_created_count            0x20000024   Data           4  tx_initialize_high_level.o(.data)
    _tx_mutex_created_ptr                    0x20000028   Data           4  tx_initialize_high_level.o(.data)
    _tx_mutex_created_count                  0x2000002c   Data           4  tx_initialize_high_level.o(.data)
    _tx_block_pool_created_ptr               0x20000030   Data           4  tx_initialize_high_level.o(.data)
    _tx_block_pool_created_count             0x20000034   Data           4  tx_initialize_high_level.o(.data)
    _tx_byte_pool_created_ptr                0x20000038   Data           4  tx_initialize_high_level.o(.data)
    _tx_byte_pool_created_count              0x2000003c   Data           4  tx_initialize_high_level.o(.data)
    _tx_initialize_unused_memory             0x20000040   Data           4  tx_initialize_high_level.o(.data)
    _tx_version_id                           0x20000044   Data          99  tx_thread_initialize.o(.data)
    _tx_thread_system_stack_ptr              0x200000a8   Data           4  tx_thread_initialize.o(.data)
    _tx_thread_current_ptr                   0x200000ac   Data           4  tx_thread_initialize.o(.data)
    _tx_thread_execute_ptr                   0x200000b0   Data           4  tx_thread_initialize.o(.data)
    _tx_thread_created_ptr                   0x200000b4   Data           4  tx_thread_initialize.o(.data)
    _tx_thread_created_count                 0x200000b8   Data           4  tx_thread_initialize.o(.data)
    _tx_thread_system_state                  0x200000bc   Data           4  tx_thread_initialize.o(.data)
    _tx_thread_priority_maps                 0x200000c0   Data           4  tx_thread_initialize.o(.data)
    _tx_thread_preempted_maps                0x200000c4   Data           4  tx_thread_initialize.o(.data)
    _tx_thread_highest_priority              0x200000c8   Data           4  tx_thread_initialize.o(.data)
    _tx_thread_preempt_disable               0x200000cc   Data           4  tx_thread_initialize.o(.data)
    _tx_thread_mutex_release                 0x200000d0   Data           4  tx_thread_initialize.o(.data)
    _tx_build_options                        0x200000d4   Data           4  tx_thread_initialize.o(.data)
    _tx_timer_system_clock                   0x200000d8   Data           4  tx_timer_initialize.o(.data)
    _tx_timer_expired_time_slice             0x200000dc   Data           4  tx_timer_initialize.o(.data)
    _tx_timer_list_start                     0x200000e0   Data           4  tx_timer_initialize.o(.data)
    _tx_timer_list_end                       0x200000e4   Data           4  tx_timer_initialize.o(.data)
    _tx_timer_current_ptr                    0x200000e8   Data           4  tx_timer_initialize.o(.data)
    _tx_timer_expired                        0x200000ec   Data           4  tx_timer_initialize.o(.data)
    _tx_timer_created_ptr                    0x200000f0   Data           4  tx_timer_initialize.o(.data)
    _tx_timer_created_count                  0x200000f4   Data           4  tx_timer_initialize.o(.data)
    _tx_timer_expired_timer_ptr              0x200000f8   Data           4  tx_timer_initialize.o(.data)
    _tx_timer_stack_start                    0x200000fc   Data           4  tx_timer_initialize.o(.data)
    _tx_timer_stack_size                     0x20000100   Data           4  tx_timer_initialize.o(.data)
    _tx_timer_priority                       0x20000104   Data           4  tx_timer_initialize.o(.data)
    _tx_timer_time_slice                     0x20000108   Data           4  tx_timer_initialize.o(.data)
    thread_pcb                               0x2000010c   Data         180  main.o(.bss)
    _tx_thread_priority_list                 0x200001c0   Data         128  tx_thread_initialize.o(.bss)
    _tx_timer_list                           0x20000240   Data         128  tx_timer_initialize.o(.bss)
    _tx_timer_thread                         0x200002c0   Data         180  tx_timer_initialize.o(.bss)
    _tx_timer_thread_stack_area              0x20000374   Data        1024  tx_timer_initialize.o(.bss)
    __initial_sp                             0x20000b78   Data           0  startup_stm32l496xx.o(STACK)



==============================================================================

Memory Map of the image

  Image Entry point : 0x080001ad

  Load Region LR_IROM1 (Base: 0x08000000, Size: 0x000021ac, Max: 0x00100000, ABSOLUTE)

    Execution Region ER_IROM1 (Exec base: 0x08000000, Load base: 0x08000000, Size: 0x000020a0, Max: 0x00100000, ABSOLUTE)

    Exec Addr    Load Addr    Size         Type   Attr      Idx    E Section Name        Object

    0x08000000   0x08000000   0x000001ac   Data   RO            3    RESET               startup_stm32l496xx.o
    0x080001ac   0x080001ac   0x00000000   Code   RO         5921  * .ARM.Collect$$$$00000000  mc_w.l(entry.o)
    0x080001ac   0x080001ac   0x00000004   Code   RO         5926    .ARM.Collect$$$$00000001  mc_w.l(entry2.o)
    0x080001b0   0x080001b0   0x00000004   Code   RO         5929    .ARM.Collect$$$$00000004  mc_w.l(entry5.o)
    0x080001b4   0x080001b4   0x00000000   Code   RO         5931    .ARM.Collect$$$$00000008  mc_w.l(entry7b.o)
    0x080001b4   0x080001b4   0x00000000   Code   RO         5933    .ARM.Collect$$$$0000000A  mc_w.l(entry8b.o)
    0x080001b4   0x080001b4   0x00000008   Code   RO         5934    .ARM.Collect$$$$0000000B  mc_w.l(entry9a.o)
    0x080001bc   0x080001bc   0x00000000   Code   RO         5936    .ARM.Collect$$$$0000000D  mc_w.l(entry10a.o)
    0x080001bc   0x080001bc   0x00000000   Code   RO         5938    .ARM.Collect$$$$0000000F  mc_w.l(entry11a.o)
    0x080001bc   0x080001bc   0x00000004   Code   RO         5927    .ARM.Collect$$$$00002712  mc_w.l(entry2.o)
    0x080001c0   0x080001c0   0x00000024   Code   RO            4    .text               startup_stm32l496xx.o
    0x080001e4   0x080001e4   0x000000e0   Code   RO         2417    .text               tx_thread_schedule.o
    0x080002c4   0x080002c4   0x00000040   Code   RO         2420    .text               tx_thread_stack_build.o
    0x08000304   0x08000304   0x000000e8   Code   RO         2426    .text               tx_timer_interrupt.o
    0x080003ec   0x080003ec   0x00000070   Code   RO         2429    .text               tx_initialize_low_level.o
    0x0800045c   0x0800045c   0x00000024   Code   RO         5924    .text               mc_w.l(memseta.o)
    0x08000480   0x08000480   0x00000024   Code   RO         5940    .text               mc_w.l(init.o)
    0x080004a4   0x080004a4   0x00000004   Code   RO          204    i.BusFault_Handler  stm32l4xx_it.o
    0x080004a8   0x080004a8   0x00000002   Code   RO          205    i.DebugMon_Handler  stm32l4xx_it.o
    0x080004aa   0x080004aa   0x00000002   Code   RO           13    i.Error_Handler     main.o
    0x080004ac   0x080004ac   0x00000028   Code   RO          334    i.HAL_Delay         stm32l4xx_hal.o
    0x080004d4   0x080004d4   0x0000000c   Code   RO          338    i.HAL_GetTick       stm32l4xx_hal.o
    0x080004e0   0x080004e0   0x00000018   Code   RO          344    i.HAL_IncTick       stm32l4xx_hal.o
    0x080004f8   0x080004f8   0x0000001e   Code   RO          345    i.HAL_Init          stm32l4xx_hal.o
    0x08000516   0x08000516   0x00000002   PAD
    0x08000518   0x08000518   0x00000058   Code   RO          346    i.HAL_InitTick      stm32l4xx_hal.o
    0x08000570   0x08000570   0x00000040   Code   RO          267    i.HAL_MspInit       stm32l4xx_hal_msp.o
    0x080005b0   0x080005b0   0x00000082   Code   RO         2167    i.HAL_NVIC_SetPriority  stm32l4xx_hal_cortex.o
    0x08000632   0x08000632   0x00000002   PAD
    0x08000634   0x08000634   0x00000028   Code   RO         2168    i.HAL_NVIC_SetPriorityGrouping  stm32l4xx_hal_cortex.o
    0x0800065c   0x0800065c   0x0000008c   Code   RO         1905    i.HAL_PWREx_ControlVoltageScaling  stm32l4xx_hal_pwr_ex.o
    0x080006e8   0x080006e8   0x00000010   Code   RO         1936    i.HAL_PWREx_GetVoltageRange  stm32l4xx_hal_pwr_ex.o
    0x080006f8   0x080006f8   0x0000017c   Code   RO         1078    i.HAL_RCC_ClockConfig  stm32l4xx_hal_rcc.o
    0x08000874   0x08000874   0x000000ec   Code   RO         1086    i.HAL_RCC_GetSysClockFreq  stm32l4xx_hal_rcc.o
    0x08000960   0x08000960   0x00000774   Code   RO         1089    i.HAL_RCC_OscConfig  stm32l4xx_hal_rcc.o
    0x080010d4   0x080010d4   0x00000034   Code   RO         2172    i.HAL_SYSTICK_Config  stm32l4xx_hal_cortex.o
    0x08001108   0x08001108   0x00000004   Code   RO          206    i.HardFault_Handler  stm32l4xx_it.o
    0x0800110c   0x0800110c   0x00000024   Code   RO          180    i.MX_GPIO_Init      gpio.o
    0x08001130   0x08001130   0x00000004   Code   RO          207    i.MemManage_Handler  stm32l4xx_it.o
    0x08001134   0x08001134   0x00000002   Code   RO          208    i.NMI_Handler       stm32l4xx_it.o
    0x08001136   0x08001136   0x00000002   PAD
    0x08001138   0x08001138   0x0000009c   Code   RO         1090    i.RCC_SetFlashLatencyFromMSIRange  stm32l4xx_hal_rcc.o
    0x080011d4   0x080011d4   0x00000002   Code   RO          209    i.SVC_Handler       stm32l4xx_it.o
    0x080011d6   0x080011d6   0x00000076   Code   RO           14    i.SystemClock_Config  main.o
    0x0800124c   0x0800124c   0x00000050   Code   RO         2369    i.SystemInit        system_stm32l4xx.o
    0x0800129c   0x0800129c   0x00000004   Code   RO          210    i.UsageFault_Handler  stm32l4xx_it.o
    0x080012a0   0x080012a0   0x00000010   Code   RO         2174    i.__NVIC_GetPriorityGrouping  stm32l4xx_hal_cortex.o
    0x080012b0   0x080012b0   0x00000028   Code   RO         2175    i.__NVIC_SetPriority  stm32l4xx_hal_cortex.o
    0x080012d8   0x080012d8   0x0000000e   Code   RO         5944    i.__scatterload_copy  mc_w.l(handlers.o)
    0x080012e6   0x080012e6   0x00000002   Code   RO         5945    i.__scatterload_null  mc_w.l(handlers.o)
    0x080012e8   0x080012e8   0x0000000e   Code   RO         5946    i.__scatterload_zeroinit  mc_w.l(handlers.o)
    0x080012f6   0x080012f6   0x00000002   PAD
    0x080012f8   0x080012f8   0x00000070   Code   RO         2991    i._tx_initialize_high_level  tx_initialize_high_level.o
    0x08001368   0x08001368   0x00000050   Code   RO         3036    i._tx_initialize_kernel_enter  tx_initialize_kernel_enter.o
    0x080013b8   0x080013b8   0x00000162   Code   RO         3947    i._tx_thread_create  tx_thread_create.o
    0x0800151a   0x0800151a   0x00000002   PAD
    0x0800151c   0x0800151c   0x00000070   Code   RO         4032    i._tx_thread_initialize  tx_thread_initialize.o
    0x0800158c   0x0800158c   0x00000084   Code   RO         4182    i._tx_thread_shell_entry  tx_thread_shell_entry.o
    0x08001610   0x08001610   0x0000009c   Code   RO         4199    i._tx_thread_sleep  tx_thread_sleep.o
    0x080016ac   0x080016ac   0x00000028   Code   RO         4284    i._tx_thread_system_preempt_check  tx_thread_system_preempt_check.o
    0x080016d4   0x080016d4   0x0000014a   Code   RO         4301    i._tx_thread_system_resume  tx_thread_system_resume.o
    0x0800181e   0x0800181e   0x00000002   PAD
    0x08001820   0x08001820   0x00000024   Code   RO         4285    i._tx_thread_system_return_inline  tx_thread_system_preempt_check.o
    0x08001844   0x08001844   0x00000024   Code   RO         4302    i._tx_thread_system_return_inline  tx_thread_system_resume.o
    0x08001868   0x08001868   0x00000024   Code   RO         4318    i._tx_thread_system_return_inline  tx_thread_system_suspend.o
    0x0800188c   0x0800188c   0x000001e2   Code   RO         4319    i._tx_thread_system_suspend  tx_thread_system_suspend.o
    0x08001a6e   0x08001a6e   0x00000002   PAD
    0x08001a70   0x08001a70   0x0000006c   Code   RO         4353    i._tx_thread_time_slice  tx_thread_time_slice.o
    0x08001adc   0x08001adc   0x00000048   Code   RO         4387    i._tx_thread_timeout  tx_thread_timeout.o
    0x08001b24   0x08001b24   0x00000030   Code   RO         4543    i._tx_timer_expiration_process  tx_timer_expiration_process.o
    0x08001b54   0x08001b54   0x000000e8   Code   RO         4589    i._tx_timer_initialize  tx_timer_initialize.o
    0x08001c3c   0x08001c3c   0x00000060   Code   RO         4647    i._tx_timer_system_activate  tx_timer_system_activate.o
    0x08001c9c   0x08001c9c   0x0000002e   Code   RO         4664    i._tx_timer_system_deactivate  tx_timer_system_deactivate.o
    0x08001cca   0x08001cca   0x00000002   PAD
    0x08001ccc   0x08001ccc   0x00000166   Code   RO         4681    i._tx_timer_thread_entry  tx_timer_thread_entry.o
    0x08001e32   0x08001e32   0x00000002   PAD
    0x08001e34   0x08001e34   0x00000192   Code   RO         5599    i._txe_thread_create  txe_thread_create.o
    0x08001fc6   0x08001fc6   0x0000001e   Code   RO           16    i.main              main.o
    0x08001fe4   0x08001fe4   0x0000000c   Code   RO           17    i.thread1_entry     main.o
    0x08001ff0   0x08001ff0   0x00000048   Code   RO           18    i.tx_application_define  main.o
    0x08002038   0x08002038   0x00000048   Data   RO         2370    .constdata          system_stm32l4xx.o
    0x08002080   0x08002080   0x00000020   Data   RO         5942    Region$$Table       anon$$obj.o


    Execution Region RW_IRAM1 (Exec base: 0x20000000, Load base: 0x080020a0, Size: 0x00000b78, Max: 0x00050000, ABSOLUTE)

    Exec Addr    Load Addr    Size         Type   Attr      Idx    E Section Name        Object

    0x20000000   0x080020a0   0x0000000c   Data   RW          362    .data               stm32l4xx_hal.o
    0x2000000c   0x080020ac   0x00000004   Data   RW         2371    .data               system_stm32l4xx.o
    0x20000010   0x080020b0   0x00000034   Data   RW         2993    .data               tx_initialize_high_level.o
    0x20000044   0x080020e4   0x00000094   Data   RW         4036    .data               tx_thread_initialize.o
    0x200000d8   0x08002178   0x00000034   Data   RW         4591    .data               tx_timer_initialize.o
    0x2000010c        -       0x000000b4   Zero   RW           19    .bss                main.o
    0x200001c0        -       0x00000080   Zero   RW         4034    .bss                tx_thread_initialize.o
    0x20000240        -       0x00000534   Zero   RW         4590    .bss                tx_timer_initialize.o
    0x20000774   0x080021ac   0x00000004   PAD
    0x20000778        -       0x00000400   Zero   RW            1    STACK               startup_stm32l496xx.o


==============================================================================

Image component sizes


      Code (inc. data)   RO Data    RW Data    ZI Data      Debug   Object Name

        36          4          0          0          0        819   gpio.o
       234         24          0          0        180     821986   main.o
        36          8        428          0       1024        864   startup_stm32l496xx.o
       194         32          0         12          0       4485   stm32l4xx_hal.o
       278         22          0          0          0      33930   stm32l4xx_hal_cortex.o
        64          6          0          0          0        906   stm32l4xx_hal_msp.o
       156         18          0          0          0       1414   stm32l4xx_hal_pwr_ex.o
      2680         82          0          0          0       5808   stm32l4xx_hal_rcc.o
        22          0          0          0          0       3471   stm32l4xx_it.o
        80         12         72          4          0       1325   system_stm32l4xx.o
         0          0          0          0          0      17825   tx_block_allocate.o
       112         50          0         52          0       5381   tx_initialize_high_level.o
        80         14          0          0          0        650   tx_initialize_kernel_enter.o
       112         24          0          0          0        400   tx_initialize_low_level.o
       354         34          0          0          0       1980   tx_thread_create.o
       112         44          0        148        128      20147   tx_thread_initialize.o
       224          4          0          0          0        428   tx_thread_schedule.o
       132         12          0          0          0        829   tx_thread_shell_entry.o
       156         18          0          0          0        823   tx_thread_sleep.o
        64          0          0          0          0        380   tx_thread_stack_build.o
        76         18          0          0          0       1390   tx_thread_system_preempt_check.o
       366         32          0          0          0       2007   tx_thread_system_resume.o
       518         38          0          0          0       2096   tx_thread_system_suspend.o
       108         26          0          0          0        736   tx_thread_time_slice.o
        72          4          0          0          0        881   tx_thread_timeout.o
        48         10          0          0          0        667   tx_timer_expiration_process.o
       232         92          0         52       1332       2390   tx_timer_initialize.o
       232          0          0          0          0        432   tx_timer_interrupt.o
        96         12          0          0          0       1400   tx_timer_system_activate.o
        46          0          0          0          0       1234   tx_timer_system_deactivate.o
       358         32          0          0          0       1773   tx_timer_thread_entry.o
       402         26          0          0          0       2301   txe_thread_create.o

    ----------------------------------------------------------------------
      7696        698        532        268       2668     941158   Object Totals
         0          0         32          0          0          0   (incl. Generated)
        16          0          0          0          4          0   (incl. Padding)

    ----------------------------------------------------------------------

      Code (inc. data)   RO Data    RW Data    ZI Data      Debug   Library Member Name

         0          0          0          0          0          0   entry.o
         0          0          0          0          0          0   entry10a.o
         0          0          0          0          0          0   entry11a.o
         8          4          0          0          0          0   entry2.o
         4          0          0          0          0          0   entry5.o
         0          0          0          0          0          0   entry7b.o
         0          0          0          0          0          0   entry8b.o
         8          4          0          0          0          0   entry9a.o
        30          0          0          0          0          0   handlers.o
        36          8          0          0          0         68   init.o
        36          0          0          0          0        108   memseta.o

    ----------------------------------------------------------------------
       124         16          0          0          0        176   Library Totals
         2          0          0          0          0          0   (incl. Padding)

    ----------------------------------------------------------------------

      Code (inc. data)   RO Data    RW Data    ZI Data      Debug   Library Name

       122         16          0          0          0        176   mc_w.l

    ----------------------------------------------------------------------
       124         16          0          0          0        176   Library Totals

    ----------------------------------------------------------------------

==============================================================================


      Code (inc. data)   RO Data    RW Data    ZI Data      Debug   

      7820        714        532        268       2668     937038   Grand Totals
      7820        714        532        268       2668     937038   ELF Image Totals
      7820        714        532        268          0          0   ROM Totals

==============================================================================

    Total RO  Size (Code + RO Data)                 8352 (   8.16kB)
    Total RW  Size (RW Data + ZI Data)              2936 (   2.87kB)
    Total ROM Size (Code + RO Data + RW Data)       8620 (   8.42kB)

==============================================================================

